/disk1/zlab/maintenance_records/l2_h1_shadow_instrumentation_off_vs_on_equivalence_v1/checkout/ns_utils/nerfstudio_utils.py:117: SyntaxWarning: assertion is always true, perhaps remove parentheses?
  assert(self.pipeline.model, SplatfactoModel)

Simulating trajectory 0:   0%|          | 0/500 [00:00<?, ?it/s]
Simulating trajectory 0:   0%|          | 1/500 [00:00<01:32,  5.39it/s]
Simulating trajectory 0:   0%|          | 2/500 [00:00<01:25,  5.84it/s]
Simulating trajectory 0:   1%|          | 3/500 [00:00<01:24,  5.91it/s]
Simulating trajectory 0:   1%|          | 4/500 [00:00<01:27,  5.70it/s]
Simulating trajectory 0:   1%|          | 5/500 [00:00<01:28,  5.59it/s]
Simulating trajectory 0:   1%|          | 6/500 [00:01<01:26,  5.69it/s]
Simulating trajectory 0:   1%|▏         | 7/500 [00:01<01:24,  5.86it/s]
Simulating trajectory 0:   2%|▏         | 8/500 [00:01<01:22,  5.98it/s]
Simulating trajectory 0:   2%|▏         | 9/500 [00:01<01:21,  6.01it/s]
Simulating trajectory 0:   2%|▏         | 10/500 [00:01<01:20,  6.09it/s]
Simulating trajectory 0:   2%|▏         | 11/500 [00:01<01:19,  6.13it/s]
Simulating trajectory 0:   2%|▏         | 12/500 [00:02<01:20,  6.09it/s]
Simulating trajectory 0:   3%|▎         | 13/500 [00:02<01:21,  5.99it/s]
Simulating trajectory 0:   3%|▎         | 14/500 [00:02<01:36,  5.05it/s]
Simulating trajectory 0:   3%|▎         | 15/500 [00:02<01:32,  5.25it/s]
Simulating trajectory 0:   3%|▎         | 16/500 [00:02<01:27,  5.51it/s]
Simulating trajectory 0:   3%|▎         | 17/500 [00:02<01:24,  5.73it/s]
Simulating trajectory 0:   4%|▎         | 18/500 [00:03<01:22,  5.87it/s]
Simulating trajectory 0:   4%|▍         | 19/500 [00:03<01:21,  5.93it/s]
Simulating trajectory 0:   4%|▍         | 20/500 [00:03<01:19,  6.00it/s]
Simulating trajectory 0:   4%|▍         | 21/500 [00:03<01:19,  6.06it/s]
Simulating trajectory 0:   4%|▍         | 22/500 [00:03<01:20,  5.92it/s]
Simulating trajectory 0:   5%|▍         | 23/500 [00:03<01:22,  5.79it/s]
Simulating trajectory 0:   5%|▍         | 24/500 [00:04<01:23,  5.67it/s]
Simulating trajectory 0:   5%|▌         | 25/500 [00:04<01:22,  5.73it/s]
Simulating trajectory 0:   5%|▌         | 26/500 [00:04<01:23,  5.70it/s]
Simulating trajectory 0:   5%|▌         | 27/500 [00:04<01:22,  5.74it/s]
Simulating trajectory 0:   6%|▌         | 28/500 [00:04<01:20,  5.83it/s]
Simulating trajectory 0:   6%|▌         | 29/500 [00:05<01:20,  5.86it/s]
Simulating trajectory 0:   6%|▌         | 30/500 [00:05<01:24,  5.56it/s]
Simulating trajectory 0:   6%|▌         | 31/500 [00:05<01:23,  5.62it/s]
Simulating trajectory 0:   6%|▋         | 32/500 [00:05<01:22,  5.67it/s]
Simulating trajectory 0:   7%|▋         | 33/500 [00:05<01:21,  5.74it/s]
Simulating trajectory 0:   7%|▋         | 34/500 [00:05<01:20,  5.79it/s]
Simulating trajectory 0:   7%|▋         | 35/500 [00:06<01:19,  5.82it/s]
Simulating trajectory 0:   7%|▋         | 36/500 [00:06<01:21,  5.70it/s]
Simulating trajectory 0:   7%|▋         | 37/500 [00:06<01:21,  5.72it/s]
Simulating trajectory 0:   8%|▊         | 38/500 [00:06<01:20,  5.74it/s]
Simulating trajectory 0:   8%|▊         | 39/500 [00:06<01:19,  5.80it/s]
Simulating trajectory 0:   8%|▊         | 40/500 [00:06<01:19,  5.81it/s]
Simulating trajectory 0:   8%|▊         | 41/500 [00:07<01:18,  5.88it/s]
Simulating trajectory 0:   8%|▊         | 42/500 [00:07<01:18,  5.84it/s]
Simulating trajectory 0:   8%|▊         | 42/500 [00:07<01:21,  5.64it/s]
