/disk1/zlab/maintenance_records/l2_h1_shadow_instrumentation_off_vs_on_equivalence_v1/checkout/ns_utils/nerfstudio_utils.py:117: SyntaxWarning: assertion is always true, perhaps remove parentheses?
  assert(self.pipeline.model, SplatfactoModel)

Simulating trajectory 0:   0%|          | 0/500 [00:00<?, ?it/s]
Simulating trajectory 0:   0%|          | 1/500 [00:00<01:41,  4.91it/s]
Simulating trajectory 0:   0%|          | 2/500 [00:00<01:48,  4.61it/s]
Simulating trajectory 0:   1%|          | 3/500 [00:00<01:38,  5.02it/s]
Simulating trajectory 0:   1%|          | 4/500 [00:00<01:32,  5.37it/s]
Simulating trajectory 0:   1%|          | 5/500 [00:00<01:33,  5.31it/s]
Simulating trajectory 0:   1%|          | 6/500 [00:01<01:29,  5.54it/s]
Simulating trajectory 0:   1%|▏         | 7/500 [00:01<01:31,  5.36it/s]
Simulating trajectory 0:   2%|▏         | 8/500 [00:01<01:27,  5.59it/s]
Simulating trajectory 0:   2%|▏         | 9/500 [00:01<01:32,  5.32it/s]
Simulating trajectory 0:   2%|▏         | 10/500 [00:01<01:32,  5.31it/s]
Simulating trajectory 0:   2%|▏         | 11/500 [00:02<01:27,  5.62it/s]
Simulating trajectory 0:   2%|▏         | 12/500 [00:02<01:24,  5.77it/s]
Simulating trajectory 0:   3%|▎         | 13/500 [00:02<01:21,  5.95it/s]
Simulating trajectory 0:   3%|▎         | 14/500 [00:02<01:20,  6.01it/s]
Simulating trajectory 0:   3%|▎         | 15/500 [00:02<01:20,  6.02it/s]
Simulating trajectory 0:   3%|▎         | 16/500 [00:02<01:19,  6.11it/s]
Simulating trajectory 0:   3%|▎         | 17/500 [00:03<01:18,  6.17it/s]
Simulating trajectory 0:   4%|▎         | 18/500 [00:03<01:22,  5.87it/s]
Simulating trajectory 0:   4%|▍         | 19/500 [00:03<01:22,  5.82it/s]
Simulating trajectory 0:   4%|▍         | 20/500 [00:03<01:24,  5.69it/s]
Simulating trajectory 0:   4%|▍         | 21/500 [00:03<01:28,  5.42it/s]
Simulating trajectory 0:   4%|▍         | 22/500 [00:03<01:28,  5.43it/s]
Simulating trajectory 0:   5%|▍         | 23/500 [00:04<01:25,  5.58it/s]
Simulating trajectory 0:   5%|▍         | 24/500 [00:04<01:22,  5.78it/s]
Simulating trajectory 0:   5%|▌         | 25/500 [00:04<01:19,  5.94it/s]
Simulating trajectory 0:   5%|▌         | 26/500 [00:04<01:19,  5.99it/s]
Simulating trajectory 0:   5%|▌         | 26/500 [00:04<01:26,  5.46it/s]
