/disk1/zlab/maintenance_records/l2_h1_shadow_instrumentation_off_vs_on_equivalence_v1/checkout/ns_utils/nerfstudio_utils.py:117: SyntaxWarning: assertion is always true, perhaps remove parentheses?
  assert(self.pipeline.model, SplatfactoModel)

Simulating trajectory 0:   0%|          | 0/500 [00:00<?, ?it/s]
Simulating trajectory 0:   0%|          | 1/500 [00:00<01:12,  6.85it/s]
Simulating trajectory 0:   0%|          | 2/500 [00:00<01:09,  7.12it/s]
Simulating trajectory 0:   1%|          | 3/500 [00:00<01:09,  7.17it/s]
Simulating trajectory 0:   1%|          | 4/500 [00:00<01:08,  7.29it/s]
Simulating trajectory 0:   1%|          | 5/500 [00:00<01:07,  7.31it/s]
Simulating trajectory 0:   1%|          | 6/500 [00:00<01:07,  7.34it/s]
Simulating trajectory 0:   1%|▏         | 7/500 [00:00<01:06,  7.43it/s]
Simulating trajectory 0:   2%|▏         | 8/500 [00:01<01:06,  7.43it/s]
Simulating trajectory 0:   2%|▏         | 9/500 [00:01<01:05,  7.45it/s]
Simulating trajectory 0:   2%|▏         | 10/500 [00:01<01:06,  7.42it/s]
Simulating trajectory 0:   2%|▏         | 11/500 [00:01<01:05,  7.43it/s]
Simulating trajectory 0:   2%|▏         | 12/500 [00:01<01:05,  7.46it/s]
Simulating trajectory 0:   3%|▎         | 13/500 [00:01<01:05,  7.41it/s]
Simulating trajectory 0:   3%|▎         | 14/500 [00:01<01:05,  7.42it/s]
Simulating trajectory 0:   3%|▎         | 15/500 [00:02<01:05,  7.39it/s]
Simulating trajectory 0:   3%|▎         | 16/500 [00:02<01:05,  7.36it/s]
Simulating trajectory 0:   3%|▎         | 17/500 [00:02<01:05,  7.36it/s]
Simulating trajectory 0:   4%|▎         | 18/500 [00:02<01:05,  7.36it/s]
Simulating trajectory 0:   4%|▍         | 19/500 [00:02<01:05,  7.39it/s]
Simulating trajectory 0:   4%|▍         | 20/500 [00:02<01:04,  7.39it/s]
Simulating trajectory 0:   4%|▍         | 21/500 [00:02<01:04,  7.40it/s]
Simulating trajectory 0:   4%|▍         | 22/500 [00:02<01:04,  7.39it/s]
Simulating trajectory 0:   5%|▍         | 23/500 [00:03<01:04,  7.40it/s]
Simulating trajectory 0:   5%|▍         | 24/500 [00:03<01:04,  7.40it/s]
Simulating trajectory 0:   5%|▌         | 25/500 [00:03<01:04,  7.40it/s]
Simulating trajectory 0:   5%|▌         | 26/500 [00:03<01:04,  7.34it/s]
Simulating trajectory 0:   5%|▌         | 27/500 [00:03<01:05,  7.24it/s]
Simulating trajectory 0:   6%|▌         | 28/500 [00:03<01:05,  7.19it/s]
Simulating trajectory 0:   6%|▌         | 29/500 [00:03<01:06,  7.11it/s]
Simulating trajectory 0:   6%|▌         | 30/500 [00:04<01:06,  7.04it/s]
Simulating trajectory 0:   6%|▌         | 31/500 [00:04<01:06,  7.04it/s]
Simulating trajectory 0:   6%|▋         | 32/500 [00:04<01:07,  6.97it/s]
Simulating trajectory 0:   7%|▋         | 33/500 [00:04<01:07,  6.92it/s]
Simulating trajectory 0:   7%|▋         | 34/500 [00:04<01:06,  6.97it/s]
Simulating trajectory 0:   7%|▋         | 35/500 [00:04<01:06,  6.98it/s]
Simulating trajectory 0:   7%|▋         | 36/500 [00:04<01:07,  6.86it/s]
Simulating trajectory 0:   7%|▋         | 37/500 [00:05<01:09,  6.65it/s]
Simulating trajectory 0:   8%|▊         | 38/500 [00:05<01:10,  6.54it/s]
Simulating trajectory 0:   8%|▊         | 39/500 [00:05<01:09,  6.67it/s]
Simulating trajectory 0:   8%|▊         | 40/500 [00:05<01:10,  6.51it/s]
Simulating trajectory 0:   8%|▊         | 41/500 [00:05<01:13,  6.24it/s]
Simulating trajectory 0:   8%|▊         | 42/500 [00:05<01:11,  6.44it/s]
Simulating trajectory 0:   9%|▊         | 43/500 [00:06<01:08,  6.71it/s]
Simulating trajectory 0:   9%|▉         | 44/500 [00:06<01:06,  6.86it/s]
Simulating trajectory 0:   9%|▉         | 45/500 [00:06<01:06,  6.88it/s]
Simulating trajectory 0:   9%|▉         | 46/500 [00:06<01:06,  6.82it/s]
Simulating trajectory 0:   9%|▉         | 47/500 [00:06<01:06,  6.84it/s]
Simulating trajectory 0:  10%|▉         | 48/500 [00:06<01:06,  6.83it/s]
Simulating trajectory 0:  10%|▉         | 49/500 [00:06<01:05,  6.88it/s]
Simulating trajectory 0:  10%|█         | 50/500 [00:07<01:04,  6.95it/s]
Simulating trajectory 0:  10%|█         | 51/500 [00:07<01:04,  6.96it/s]
Simulating trajectory 0:  10%|█         | 52/500 [00:07<01:03,  7.07it/s]
Simulating trajectory 0:  11%|█         | 53/500 [00:07<01:02,  7.18it/s]
Simulating trajectory 0:  11%|█         | 54/500 [00:07<01:01,  7.20it/s]
Simulating trajectory 0:  11%|█         | 55/500 [00:07<01:01,  7.26it/s]
Simulating trajectory 0:  11%|█         | 56/500 [00:07<01:01,  7.26it/s]
Simulating trajectory 0:  11%|█▏        | 57/500 [00:08<01:00,  7.32it/s]
Simulating trajectory 0:  12%|█▏        | 58/500 [00:08<01:00,  7.36it/s]
Simulating trajectory 0:  12%|█▏        | 59/500 [00:08<01:00,  7.34it/s]
Simulating trajectory 0:  12%|█▏        | 60/500 [00:08<00:59,  7.34it/s]
Simulating trajectory 0:  12%|█▏        | 61/500 [00:08<00:59,  7.36it/s]
Simulating trajectory 0:  12%|█▏        | 62/500 [00:08<00:59,  7.34it/s]
Simulating trajectory 0:  13%|█▎        | 63/500 [00:08<00:59,  7.40it/s]
Simulating trajectory 0:  13%|█▎        | 64/500 [00:08<00:58,  7.40it/s]
Simulating trajectory 0:  13%|█▎        | 65/500 [00:09<00:58,  7.44it/s]
Simulating trajectory 0:  13%|█▎        | 66/500 [00:09<00:58,  7.43it/s]
Simulating trajectory 0:  13%|█▎        | 67/500 [00:09<00:58,  7.40it/s]
Simulating trajectory 0:  14%|█▎        | 68/500 [00:09<00:58,  7.43it/s]
Simulating trajectory 0:  14%|█▍        | 69/500 [00:09<00:58,  7.39it/s]
Simulating trajectory 0:  14%|█▍        | 70/500 [00:09<00:58,  7.41it/s]
Simulating trajectory 0:  14%|█▍        | 71/500 [00:09<00:58,  7.39it/s]
Simulating trajectory 0:  14%|█▍        | 72/500 [00:10<00:57,  7.40it/s]
Simulating trajectory 0:  15%|█▍        | 73/500 [00:10<00:57,  7.43it/s]
Simulating trajectory 0:  15%|█▍        | 74/500 [00:10<00:58,  7.33it/s]
Simulating trajectory 0:  15%|█▌        | 75/500 [00:10<00:57,  7.36it/s]
Simulating trajectory 0:  15%|█▌        | 76/500 [00:10<00:57,  7.38it/s]
Simulating trajectory 0:  15%|█▌        | 77/500 [00:10<00:57,  7.40it/s]
Simulating trajectory 0:  16%|█▌        | 78/500 [00:10<00:56,  7.43it/s]
Simulating trajectory 0:  16%|█▌        | 79/500 [00:10<00:56,  7.41it/s]
Simulating trajectory 0:  16%|█▌        | 80/500 [00:11<00:56,  7.44it/s]
Simulating trajectory 0:  16%|█▌        | 81/500 [00:11<00:56,  7.39it/s]
Simulating trajectory 0:  16%|█▋        | 82/500 [00:11<00:56,  7.40it/s]
Simulating trajectory 0:  17%|█▋        | 83/500 [00:11<00:55,  7.46it/s]
Simulating trajectory 0:  17%|█▋        | 84/500 [00:11<00:55,  7.45it/s]
Simulating trajectory 0:  17%|█▋        | 85/500 [00:11<00:55,  7.51it/s]
Simulating trajectory 0:  17%|█▋        | 86/500 [00:11<00:55,  7.51it/s]
Simulating trajectory 0:  17%|█▋        | 87/500 [00:12<00:55,  7.50it/s]
Simulating trajectory 0:  18%|█▊        | 88/500 [00:12<00:54,  7.52it/s]
Simulating trajectory 0:  18%|█▊        | 89/500 [00:12<00:54,  7.49it/s]
Simulating trajectory 0:  18%|█▊        | 90/500 [00:12<00:54,  7.51it/s]
Simulating trajectory 0:  18%|█▊        | 91/500 [00:12<00:54,  7.49it/s]
Simulating trajectory 0:  18%|█▊        | 92/500 [00:12<00:54,  7.45it/s]
Simulating trajectory 0:  19%|█▊        | 93/500 [00:12<00:54,  7.52it/s]
Simulating trajectory 0:  19%|█▉        | 94/500 [00:12<00:54,  7.48it/s]
Simulating trajectory 0:  19%|█▉        | 95/500 [00:13<00:54,  7.47it/s]
Simulating trajectory 0:  19%|█▉        | 96/500 [00:13<00:53,  7.51it/s]
Simulating trajectory 0:  19%|█▉        | 97/500 [00:13<00:53,  7.52it/s]
Simulating trajectory 0:  20%|█▉        | 98/500 [00:13<00:53,  7.53it/s]
Simulating trajectory 0:  20%|█▉        | 99/500 [00:13<00:53,  7.46it/s]
Simulating trajectory 0:  20%|██        | 100/500 [00:13<00:53,  7.45it/s]
Simulating trajectory 0:  20%|██        | 101/500 [00:13<00:53,  7.46it/s]
Simulating trajectory 0:  20%|██        | 102/500 [00:14<00:53,  7.47it/s]
Simulating trajectory 0:  21%|██        | 103/500 [00:14<00:52,  7.51it/s]
Simulating trajectory 0:  21%|██        | 104/500 [00:14<00:53,  7.47it/s]
Simulating trajectory 0:  21%|██        | 105/500 [00:14<00:52,  7.49it/s]
Simulating trajectory 0:  21%|██        | 106/500 [00:14<00:52,  7.48it/s]
Simulating trajectory 0:  21%|██▏       | 107/500 [00:14<00:52,  7.49it/s]
Simulating trajectory 0:  22%|██▏       | 108/500 [00:14<00:52,  7.50it/s]
Simulating trajectory 0:  22%|██▏       | 109/500 [00:14<00:52,  7.50it/s]
Simulating trajectory 0:  22%|██▏       | 110/500 [00:15<00:51,  7.51it/s]
Simulating trajectory 0:  22%|██▏       | 111/500 [00:15<00:51,  7.52it/s]
Simulating trajectory 0:  22%|██▏       | 112/500 [00:15<00:51,  7.52it/s]
Simulating trajectory 0:  23%|██▎       | 113/500 [00:15<00:51,  7.55it/s]
Simulating trajectory 0:  23%|██▎       | 114/500 [00:15<00:51,  7.52it/s]
Simulating trajectory 0:  23%|██▎       | 115/500 [00:15<00:51,  7.53it/s]
Simulating trajectory 0:  23%|██▎       | 116/500 [00:15<00:50,  7.53it/s]
Simulating trajectory 0:  23%|██▎       | 117/500 [00:16<00:51,  7.51it/s]
Simulating trajectory 0:  24%|██▎       | 118/500 [00:16<00:50,  7.52it/s]
Simulating trajectory 0:  24%|██▍       | 119/500 [00:16<00:50,  7.51it/s]
Simulating trajectory 0:  24%|██▍       | 120/500 [00:16<00:50,  7.55it/s]
Simulating trajectory 0:  24%|██▍       | 121/500 [00:16<00:50,  7.49it/s]
Simulating trajectory 0:  24%|██▍       | 122/500 [00:16<00:50,  7.46it/s]
Simulating trajectory 0:  25%|██▍       | 123/500 [00:16<00:50,  7.46it/s]
Simulating trajectory 0:  25%|██▍       | 124/500 [00:16<00:50,  7.44it/s]
Simulating trajectory 0:  25%|██▌       | 125/500 [00:17<00:50,  7.45it/s]
Simulating trajectory 0:  25%|██▌       | 126/500 [00:17<00:50,  7.41it/s]
Simulating trajectory 0:  25%|██▌       | 127/500 [00:17<00:50,  7.41it/s]
Simulating trajectory 0:  26%|██▌       | 128/500 [00:17<00:50,  7.41it/s]
Simulating trajectory 0:  26%|██▌       | 129/500 [00:17<00:50,  7.37it/s]
Simulating trajectory 0:  26%|██▌       | 130/500 [00:17<00:50,  7.35it/s]
Simulating trajectory 0:  26%|██▌       | 131/500 [00:17<00:49,  7.39it/s]
Simulating trajectory 0:  26%|██▋       | 132/500 [00:18<00:50,  7.36it/s]
Simulating trajectory 0:  27%|██▋       | 133/500 [00:18<00:49,  7.36it/s]
Simulating trajectory 0:  27%|██▋       | 134/500 [00:18<00:49,  7.38it/s]
Simulating trajectory 0:  27%|██▋       | 135/500 [00:18<00:49,  7.38it/s]
Simulating trajectory 0:  27%|██▋       | 136/500 [00:18<00:49,  7.40it/s]
Simulating trajectory 0:  27%|██▋       | 137/500 [00:18<00:49,  7.36it/s]
Simulating trajectory 0:  28%|██▊       | 138/500 [00:18<00:49,  7.37it/s]
Simulating trajectory 0:  28%|██▊       | 139/500 [00:19<00:49,  7.35it/s]
Simulating trajectory 0:  28%|██▊       | 140/500 [00:19<00:49,  7.31it/s]
Simulating trajectory 0:  28%|██▊       | 141/500 [00:19<00:49,  7.32it/s]
Simulating trajectory 0:  28%|██▊       | 142/500 [00:19<00:49,  7.30it/s]
Simulating trajectory 0:  29%|██▊       | 143/500 [00:19<00:48,  7.35it/s]
Simulating trajectory 0:  29%|██▉       | 144/500 [00:19<00:48,  7.39it/s]
Simulating trajectory 0:  29%|██▉       | 145/500 [00:19<00:47,  7.42it/s]
Simulating trajectory 0:  29%|██▉       | 146/500 [00:19<00:47,  7.47it/s]
Simulating trajectory 0:  29%|██▉       | 147/500 [00:20<00:47,  7.48it/s]
Simulating trajectory 0:  29%|██▉       | 147/500 [00:20<00:48,  7.26it/s]
