/disk1/zlab/maintenance_records/l2_h1_shadow_instrumentation_off_vs_on_equivalence_v1/checkout/ns_utils/nerfstudio_utils.py:117: SyntaxWarning: assertion is always true, perhaps remove parentheses?
  assert(self.pipeline.model, SplatfactoModel)

Simulating trajectory 0:   0%|          | 0/500 [00:00<?, ?it/s]
Simulating trajectory 0:   0%|          | 1/500 [00:00<01:29,  5.59it/s]
Simulating trajectory 0:   0%|          | 2/500 [00:00<01:26,  5.75it/s]
Simulating trajectory 0:   1%|          | 3/500 [00:00<01:20,  6.14it/s]
Simulating trajectory 0:   1%|          | 4/500 [00:00<01:16,  6.46it/s]
Simulating trajectory 0:   1%|          | 5/500 [00:00<01:14,  6.63it/s]
Simulating trajectory 0:   1%|          | 6/500 [00:00<01:13,  6.74it/s]
Simulating trajectory 0:   1%|▏         | 7/500 [00:01<01:11,  6.86it/s]
Simulating trajectory 0:   2%|▏         | 8/500 [00:01<01:11,  6.88it/s]
Simulating trajectory 0:   2%|▏         | 9/500 [00:01<01:16,  6.46it/s]
Simulating trajectory 0:   2%|▏         | 10/500 [00:01<01:17,  6.32it/s]
Simulating trajectory 0:   2%|▏         | 11/500 [00:01<01:14,  6.58it/s]
Simulating trajectory 0:   2%|▏         | 12/500 [00:01<01:12,  6.74it/s]
Simulating trajectory 0:   3%|▎         | 13/500 [00:01<01:11,  6.85it/s]
Simulating trajectory 0:   3%|▎         | 14/500 [00:02<01:09,  6.97it/s]
Simulating trajectory 0:   3%|▎         | 15/500 [00:02<01:09,  7.02it/s]
Simulating trajectory 0:   3%|▎         | 16/500 [00:02<01:08,  7.10it/s]
Simulating trajectory 0:   3%|▎         | 17/500 [00:02<01:07,  7.13it/s]
Simulating trajectory 0:   4%|▎         | 18/500 [00:02<01:12,  6.66it/s]
Simulating trajectory 0:   4%|▍         | 19/500 [00:02<01:12,  6.64it/s]
Simulating trajectory 0:   4%|▍         | 20/500 [00:03<01:12,  6.62it/s]
Simulating trajectory 0:   4%|▍         | 21/500 [00:03<01:13,  6.54it/s]
Simulating trajectory 0:   4%|▍         | 22/500 [00:03<01:11,  6.68it/s]
Simulating trajectory 0:   5%|▍         | 23/500 [00:03<01:10,  6.77it/s]
Simulating trajectory 0:   5%|▍         | 24/500 [00:03<01:09,  6.84it/s]
Simulating trajectory 0:   5%|▌         | 25/500 [00:03<01:09,  6.88it/s]
Simulating trajectory 0:   5%|▌         | 26/500 [00:03<01:08,  6.90it/s]
Simulating trajectory 0:   5%|▌         | 26/500 [00:04<01:13,  6.47it/s]
