/disk1/zlab/maintenance_records/l2_h1_shadow_instrumentation_off_vs_on_equivalence_v1/checkout/ns_utils/nerfstudio_utils.py:117: SyntaxWarning: assertion is always true, perhaps remove parentheses?
  assert(self.pipeline.model, SplatfactoModel)

Simulating trajectory 0:   0%|          | 0/500 [00:00<?, ?it/s]
Simulating trajectory 0:   0%|          | 1/500 [00:00<01:25,  5.83it/s]
Simulating trajectory 0:   0%|          | 2/500 [00:00<01:22,  6.03it/s]
Simulating trajectory 0:   1%|          | 3/500 [00:00<01:16,  6.49it/s]
Simulating trajectory 0:   1%|          | 4/500 [00:00<01:12,  6.79it/s]
Simulating trajectory 0:   1%|          | 5/500 [00:00<01:10,  6.99it/s]
Simulating trajectory 0:   1%|          | 6/500 [00:00<01:09,  7.14it/s]
Simulating trajectory 0:   1%|▏         | 7/500 [00:01<01:08,  7.22it/s]
Simulating trajectory 0:   2%|▏         | 8/500 [00:01<01:07,  7.30it/s]
Simulating trajectory 0:   2%|▏         | 9/500 [00:01<01:12,  6.78it/s]
Simulating trajectory 0:   2%|▏         | 10/500 [00:01<01:13,  6.64it/s]
Simulating trajectory 0:   2%|▏         | 11/500 [00:01<01:10,  6.93it/s]
Simulating trajectory 0:   2%|▏         | 12/500 [00:01<01:08,  7.14it/s]
Simulating trajectory 0:   3%|▎         | 13/500 [00:01<01:06,  7.28it/s]
Simulating trajectory 0:   3%|▎         | 14/500 [00:01<01:05,  7.45it/s]
Simulating trajectory 0:   3%|▎         | 15/500 [00:02<01:04,  7.54it/s]
Simulating trajectory 0:   3%|▎         | 16/500 [00:02<01:03,  7.63it/s]
Simulating trajectory 0:   3%|▎         | 17/500 [00:02<01:02,  7.67it/s]
Simulating trajectory 0:   4%|▎         | 18/500 [00:02<01:08,  7.09it/s]
Simulating trajectory 0:   4%|▍         | 19/500 [00:02<01:07,  7.11it/s]
Simulating trajectory 0:   4%|▍         | 20/500 [00:02<01:07,  7.07it/s]
Simulating trajectory 0:   4%|▍         | 21/500 [00:02<01:08,  6.98it/s]
Simulating trajectory 0:   4%|▍         | 22/500 [00:03<01:06,  7.15it/s]
Simulating trajectory 0:   5%|▍         | 23/500 [00:03<01:05,  7.27it/s]
Simulating trajectory 0:   5%|▍         | 24/500 [00:03<01:04,  7.36it/s]
Simulating trajectory 0:   5%|▌         | 25/500 [00:03<01:04,  7.41it/s]
Simulating trajectory 0:   5%|▌         | 26/500 [00:03<01:03,  7.43it/s]
Simulating trajectory 0:   5%|▌         | 26/500 [00:03<01:08,  6.89it/s]
