/disk1/zlab/maintenance_records/l2_h1_shadow_instrumentation_off_vs_on_equivalence_v1/checkout/ns_utils/nerfstudio_utils.py:117: SyntaxWarning: assertion is always true, perhaps remove parentheses?
  assert(self.pipeline.model, SplatfactoModel)

Simulating trajectory 0:   0%|          | 0/500 [00:00<?, ?it/s]
Simulating trajectory 0:   0%|          | 1/500 [00:00<01:18,  6.33it/s]
Simulating trajectory 0:   0%|          | 2/500 [00:00<01:15,  6.60it/s]
Simulating trajectory 0:   1%|          | 3/500 [00:00<01:13,  6.75it/s]
Simulating trajectory 0:   1%|          | 4/500 [00:00<01:12,  6.84it/s]
Simulating trajectory 0:   1%|          | 5/500 [00:00<01:12,  6.85it/s]
Simulating trajectory 0:   1%|          | 6/500 [00:00<01:11,  6.90it/s]
Simulating trajectory 0:   1%|▏         | 7/500 [00:01<01:11,  6.93it/s]
Simulating trajectory 0:   2%|▏         | 8/500 [00:01<01:10,  6.98it/s]
Simulating trajectory 0:   2%|▏         | 9/500 [00:01<01:10,  6.97it/s]
Simulating trajectory 0:   2%|▏         | 10/500 [00:01<01:09,  7.05it/s]
Simulating trajectory 0:   2%|▏         | 11/500 [00:01<01:09,  7.05it/s]
Simulating trajectory 0:   2%|▏         | 12/500 [00:01<01:08,  7.10it/s]
Simulating trajectory 0:   3%|▎         | 13/500 [00:01<01:08,  7.15it/s]
Simulating trajectory 0:   3%|▎         | 14/500 [00:02<01:08,  7.13it/s]
Simulating trajectory 0:   3%|▎         | 15/500 [00:02<01:07,  7.16it/s]
Simulating trajectory 0:   3%|▎         | 16/500 [00:02<01:07,  7.19it/s]
Simulating trajectory 0:   3%|▎         | 17/500 [00:02<01:07,  7.18it/s]
Simulating trajectory 0:   4%|▎         | 18/500 [00:02<01:06,  7.21it/s]
Simulating trajectory 0:   4%|▍         | 19/500 [00:02<01:07,  7.16it/s]
Simulating trajectory 0:   4%|▍         | 20/500 [00:02<01:07,  7.12it/s]
Simulating trajectory 0:   4%|▍         | 21/500 [00:02<01:07,  7.14it/s]
Simulating trajectory 0:   4%|▍         | 22/500 [00:03<01:08,  6.93it/s]
Simulating trajectory 0:   5%|▍         | 23/500 [00:03<01:10,  6.78it/s]
Simulating trajectory 0:   5%|▍         | 24/500 [00:03<01:11,  6.67it/s]
Simulating trajectory 0:   5%|▌         | 25/500 [00:03<01:11,  6.63it/s]
Simulating trajectory 0:   5%|▌         | 26/500 [00:03<01:12,  6.56it/s]
Simulating trajectory 0:   5%|▌         | 27/500 [00:03<01:11,  6.66it/s]
Simulating trajectory 0:   6%|▌         | 28/500 [00:04<01:10,  6.69it/s]
Simulating trajectory 0:   6%|▌         | 29/500 [00:04<01:10,  6.70it/s]
Simulating trajectory 0:   6%|▌         | 30/500 [00:04<01:10,  6.66it/s]
Simulating trajectory 0:   6%|▌         | 31/500 [00:04<01:10,  6.67it/s]
Simulating trajectory 0:   6%|▋         | 32/500 [00:04<01:09,  6.70it/s]
Simulating trajectory 0:   7%|▋         | 33/500 [00:04<01:09,  6.71it/s]
Simulating trajectory 0:   7%|▋         | 34/500 [00:04<01:09,  6.71it/s]
Simulating trajectory 0:   7%|▋         | 35/500 [00:05<01:10,  6.64it/s]
Simulating trajectory 0:   7%|▋         | 36/500 [00:05<01:10,  6.54it/s]
Simulating trajectory 0:   7%|▋         | 37/500 [00:05<01:10,  6.55it/s]
Simulating trajectory 0:   8%|▊         | 38/500 [00:05<01:10,  6.56it/s]
Simulating trajectory 0:   8%|▊         | 39/500 [00:05<01:09,  6.63it/s]
Simulating trajectory 0:   8%|▊         | 40/500 [00:05<01:09,  6.63it/s]
Simulating trajectory 0:   8%|▊         | 41/500 [00:06<01:09,  6.64it/s]
Simulating trajectory 0:   8%|▊         | 42/500 [00:06<01:09,  6.62it/s]
Simulating trajectory 0:   8%|▊         | 42/500 [00:06<01:08,  6.66it/s]
