/disk1/zlab/maintenance_records/l2_h1_shadow_instrumentation_off_vs_on_equivalence_v1/checkout/ns_utils/nerfstudio_utils.py:117: SyntaxWarning: assertion is always true, perhaps remove parentheses?
  assert(self.pipeline.model, SplatfactoModel)

Simulating trajectory 0:   0%|          | 0/500 [00:00<?, ?it/s]
Simulating trajectory 0:   0%|          | 1/500 [00:00<01:13,  6.79it/s]
Simulating trajectory 0:   0%|          | 2/500 [00:00<01:10,  7.06it/s]
Simulating trajectory 0:   1%|          | 3/500 [00:00<01:09,  7.14it/s]
Simulating trajectory 0:   1%|          | 4/500 [00:00<01:08,  7.23it/s]
Simulating trajectory 0:   1%|          | 5/500 [00:00<01:08,  7.22it/s]
Simulating trajectory 0:   1%|          | 6/500 [00:00<01:08,  7.25it/s]
Simulating trajectory 0:   1%|▏         | 7/500 [00:00<01:08,  7.24it/s]
Simulating trajectory 0:   2%|▏         | 8/500 [00:01<01:07,  7.25it/s]
Simulating trajectory 0:   2%|▏         | 9/500 [00:01<01:07,  7.29it/s]
Simulating trajectory 0:   2%|▏         | 10/500 [00:01<01:07,  7.28it/s]
Simulating trajectory 0:   2%|▏         | 11/500 [00:01<01:06,  7.30it/s]
Simulating trajectory 0:   2%|▏         | 12/500 [00:01<01:06,  7.34it/s]
Simulating trajectory 0:   3%|▎         | 13/500 [00:01<01:06,  7.36it/s]
Simulating trajectory 0:   3%|▎         | 14/500 [00:01<01:05,  7.41it/s]
Simulating trajectory 0:   3%|▎         | 15/500 [00:02<01:05,  7.38it/s]
Simulating trajectory 0:   3%|▎         | 16/500 [00:02<01:05,  7.40it/s]
Simulating trajectory 0:   3%|▎         | 17/500 [00:02<01:05,  7.37it/s]
Simulating trajectory 0:   4%|▎         | 18/500 [00:02<01:05,  7.35it/s]
Simulating trajectory 0:   4%|▍         | 19/500 [00:02<01:05,  7.38it/s]
Simulating trajectory 0:   4%|▍         | 20/500 [00:02<01:05,  7.37it/s]
Simulating trajectory 0:   4%|▍         | 21/500 [00:02<01:04,  7.39it/s]
Simulating trajectory 0:   4%|▍         | 22/500 [00:03<01:05,  7.35it/s]
Simulating trajectory 0:   5%|▍         | 23/500 [00:03<01:04,  7.37it/s]
Simulating trajectory 0:   5%|▍         | 24/500 [00:03<01:04,  7.35it/s]
Simulating trajectory 0:   5%|▌         | 25/500 [00:03<01:04,  7.33it/s]
Simulating trajectory 0:   5%|▌         | 26/500 [00:03<01:04,  7.37it/s]
Simulating trajectory 0:   5%|▌         | 27/500 [00:03<01:04,  7.37it/s]
Simulating trajectory 0:   6%|▌         | 28/500 [00:03<01:03,  7.40it/s]
Simulating trajectory 0:   6%|▌         | 29/500 [00:03<01:03,  7.38it/s]
Simulating trajectory 0:   6%|▌         | 30/500 [00:04<01:03,  7.38it/s]
Simulating trajectory 0:   6%|▌         | 31/500 [00:04<01:03,  7.41it/s]
Simulating trajectory 0:   6%|▋         | 32/500 [00:04<01:03,  7.41it/s]
Simulating trajectory 0:   7%|▋         | 33/500 [00:04<01:03,  7.40it/s]
Simulating trajectory 0:   7%|▋         | 34/500 [00:04<01:02,  7.44it/s]
Simulating trajectory 0:   7%|▋         | 35/500 [00:04<01:02,  7.44it/s]
Simulating trajectory 0:   7%|▋         | 36/500 [00:04<01:02,  7.48it/s]
Simulating trajectory 0:   7%|▋         | 37/500 [00:05<01:02,  7.40it/s]
Simulating trajectory 0:   8%|▊         | 38/500 [00:05<01:02,  7.38it/s]
Simulating trajectory 0:   8%|▊         | 39/500 [00:05<01:02,  7.40it/s]
Simulating trajectory 0:   8%|▊         | 40/500 [00:05<01:02,  7.38it/s]
Simulating trajectory 0:   8%|▊         | 41/500 [00:05<01:02,  7.40it/s]
Simulating trajectory 0:   8%|▊         | 42/500 [00:05<01:02,  7.38it/s]
Simulating trajectory 0:   9%|▊         | 43/500 [00:05<01:02,  7.35it/s]
Simulating trajectory 0:   9%|▉         | 44/500 [00:05<01:02,  7.35it/s]
Simulating trajectory 0:   9%|▉         | 45/500 [00:06<01:02,  7.28it/s]
Simulating trajectory 0:   9%|▉         | 46/500 [00:06<01:02,  7.28it/s]
Simulating trajectory 0:   9%|▉         | 47/500 [00:06<01:02,  7.28it/s]
Simulating trajectory 0:  10%|▉         | 48/500 [00:06<01:03,  7.17it/s]
Simulating trajectory 0:  10%|▉         | 49/500 [00:06<01:02,  7.24it/s]
Simulating trajectory 0:  10%|█         | 50/500 [00:06<01:01,  7.31it/s]
Simulating trajectory 0:  10%|█         | 51/500 [00:06<01:01,  7.35it/s]
Simulating trajectory 0:  10%|█         | 52/500 [00:07<01:00,  7.36it/s]
Simulating trajectory 0:  11%|█         | 53/500 [00:07<01:00,  7.35it/s]
Simulating trajectory 0:  11%|█         | 54/500 [00:07<01:00,  7.38it/s]
Simulating trajectory 0:  11%|█         | 55/500 [00:07<01:00,  7.41it/s]
Simulating trajectory 0:  11%|█         | 56/500 [00:07<00:59,  7.42it/s]
Simulating trajectory 0:  11%|█▏        | 57/500 [00:07<01:00,  7.37it/s]
Simulating trajectory 0:  12%|█▏        | 58/500 [00:07<01:00,  7.35it/s]
Simulating trajectory 0:  12%|█▏        | 59/500 [00:08<00:59,  7.36it/s]
Simulating trajectory 0:  12%|█▏        | 60/500 [00:08<00:59,  7.35it/s]
Simulating trajectory 0:  12%|█▏        | 61/500 [00:08<01:00,  7.29it/s]
Simulating trajectory 0:  12%|█▏        | 62/500 [00:08<00:59,  7.40it/s]
Simulating trajectory 0:  13%|█▎        | 63/500 [00:08<00:58,  7.42it/s]
Simulating trajectory 0:  13%|█▎        | 64/500 [00:08<00:59,  7.38it/s]
Simulating trajectory 0:  13%|█▎        | 65/500 [00:08<00:58,  7.39it/s]
Simulating trajectory 0:  13%|█▎        | 66/500 [00:08<00:58,  7.38it/s]
Simulating trajectory 0:  13%|█▎        | 67/500 [00:09<00:58,  7.39it/s]
Simulating trajectory 0:  14%|█▎        | 68/500 [00:09<00:58,  7.38it/s]
Simulating trajectory 0:  14%|█▍        | 69/500 [00:09<00:58,  7.35it/s]
Simulating trajectory 0:  14%|█▍        | 70/500 [00:09<00:58,  7.37it/s]
Simulating trajectory 0:  14%|█▍        | 71/500 [00:09<00:58,  7.34it/s]
Simulating trajectory 0:  14%|█▍        | 72/500 [00:09<00:58,  7.36it/s]
Simulating trajectory 0:  15%|█▍        | 73/500 [00:09<00:57,  7.37it/s]
Simulating trajectory 0:  15%|█▍        | 74/500 [00:10<00:58,  7.34it/s]
Simulating trajectory 0:  15%|█▌        | 75/500 [00:10<00:57,  7.39it/s]
Simulating trajectory 0:  15%|█▌        | 76/500 [00:10<00:58,  7.31it/s]
Simulating trajectory 0:  15%|█▌        | 77/500 [00:10<00:58,  7.26it/s]
Simulating trajectory 0:  16%|█▌        | 78/500 [00:10<00:58,  7.24it/s]
Simulating trajectory 0:  16%|█▌        | 79/500 [00:10<00:58,  7.19it/s]
Simulating trajectory 0:  16%|█▌        | 80/500 [00:10<00:58,  7.16it/s]
Simulating trajectory 0:  16%|█▌        | 81/500 [00:11<00:58,  7.13it/s]
Simulating trajectory 0:  16%|█▋        | 82/500 [00:11<00:58,  7.10it/s]
Simulating trajectory 0:  17%|█▋        | 83/500 [00:11<00:58,  7.12it/s]
Simulating trajectory 0:  17%|█▋        | 84/500 [00:11<00:57,  7.18it/s]
Simulating trajectory 0:  17%|█▋        | 85/500 [00:11<00:57,  7.21it/s]
Simulating trajectory 0:  17%|█▋        | 86/500 [00:11<00:57,  7.24it/s]
Simulating trajectory 0:  17%|█▋        | 87/500 [00:11<00:57,  7.22it/s]
Simulating trajectory 0:  18%|█▊        | 88/500 [00:12<00:56,  7.24it/s]
Simulating trajectory 0:  18%|█▊        | 89/500 [00:12<00:56,  7.26it/s]
Simulating trajectory 0:  18%|█▊        | 90/500 [00:12<00:56,  7.26it/s]
Simulating trajectory 0:  18%|█▊        | 91/500 [00:12<00:56,  7.28it/s]
Simulating trajectory 0:  18%|█▊        | 92/500 [00:12<00:56,  7.28it/s]
Simulating trajectory 0:  19%|█▊        | 93/500 [00:12<00:55,  7.29it/s]
Simulating trajectory 0:  19%|█▉        | 94/500 [00:12<00:55,  7.32it/s]
Simulating trajectory 0:  19%|█▉        | 95/500 [00:12<00:55,  7.30it/s]
Simulating trajectory 0:  19%|█▉        | 96/500 [00:13<00:55,  7.31it/s]
Simulating trajectory 0:  19%|█▉        | 97/500 [00:13<00:55,  7.31it/s]
Simulating trajectory 0:  20%|█▉        | 98/500 [00:13<00:55,  7.31it/s]
Simulating trajectory 0:  20%|█▉        | 99/500 [00:13<00:54,  7.31it/s]
Simulating trajectory 0:  20%|██        | 100/500 [00:13<00:54,  7.29it/s]
Simulating trajectory 0:  20%|██        | 101/500 [00:13<00:54,  7.31it/s]
Simulating trajectory 0:  20%|██        | 102/500 [00:13<00:54,  7.34it/s]
Simulating trajectory 0:  21%|██        | 103/500 [00:14<00:54,  7.33it/s]
Simulating trajectory 0:  21%|██        | 104/500 [00:14<00:53,  7.40it/s]
Simulating trajectory 0:  21%|██        | 105/500 [00:14<00:53,  7.42it/s]
Simulating trajectory 0:  21%|██        | 106/500 [00:14<00:52,  7.44it/s]
Simulating trajectory 0:  21%|██▏       | 107/500 [00:14<00:52,  7.50it/s]
Simulating trajectory 0:  22%|██▏       | 108/500 [00:14<00:52,  7.51it/s]
Simulating trajectory 0:  22%|██▏       | 109/500 [00:14<00:51,  7.55it/s]
Simulating trajectory 0:  22%|██▏       | 110/500 [00:14<00:51,  7.56it/s]
Simulating trajectory 0:  22%|██▏       | 111/500 [00:15<00:51,  7.53it/s]
Simulating trajectory 0:  22%|██▏       | 112/500 [00:15<00:51,  7.56it/s]
Simulating trajectory 0:  23%|██▎       | 113/500 [00:15<00:51,  7.56it/s]
Simulating trajectory 0:  23%|██▎       | 114/500 [00:15<00:50,  7.60it/s]
Simulating trajectory 0:  23%|██▎       | 115/500 [00:15<00:50,  7.62it/s]
Simulating trajectory 0:  23%|██▎       | 116/500 [00:15<00:50,  7.66it/s]
Simulating trajectory 0:  23%|██▎       | 117/500 [00:15<00:50,  7.65it/s]
Simulating trajectory 0:  24%|██▎       | 118/500 [00:16<00:50,  7.60it/s]
Simulating trajectory 0:  24%|██▍       | 119/500 [00:16<00:50,  7.60it/s]
Simulating trajectory 0:  24%|██▍       | 120/500 [00:16<00:50,  7.59it/s]
Simulating trajectory 0:  24%|██▍       | 121/500 [00:16<00:49,  7.61it/s]
Simulating trajectory 0:  24%|██▍       | 122/500 [00:16<00:49,  7.61it/s]
Simulating trajectory 0:  25%|██▍       | 123/500 [00:16<00:49,  7.57it/s]
Simulating trajectory 0:  25%|██▍       | 124/500 [00:16<00:49,  7.58it/s]
Simulating trajectory 0:  25%|██▌       | 125/500 [00:16<00:49,  7.54it/s]
Simulating trajectory 0:  25%|██▌       | 126/500 [00:17<00:49,  7.53it/s]
Simulating trajectory 0:  25%|██▌       | 127/500 [00:17<00:49,  7.50it/s]
Simulating trajectory 0:  26%|██▌       | 128/500 [00:17<00:50,  7.43it/s]
Simulating trajectory 0:  26%|██▌       | 129/500 [00:17<00:49,  7.44it/s]
Simulating trajectory 0:  26%|██▌       | 130/500 [00:17<00:49,  7.42it/s]
Simulating trajectory 0:  26%|██▌       | 131/500 [00:17<00:49,  7.41it/s]
Simulating trajectory 0:  26%|██▋       | 132/500 [00:17<00:49,  7.37it/s]
Simulating trajectory 0:  27%|██▋       | 133/500 [00:18<00:50,  7.31it/s]
Simulating trajectory 0:  27%|██▋       | 134/500 [00:18<00:50,  7.26it/s]
Simulating trajectory 0:  27%|██▋       | 135/500 [00:18<00:50,  7.25it/s]
Simulating trajectory 0:  27%|██▋       | 136/500 [00:18<00:50,  7.20it/s]
Simulating trajectory 0:  27%|██▋       | 137/500 [00:18<00:51,  7.09it/s]
Simulating trajectory 0:  28%|██▊       | 138/500 [00:18<00:52,  6.95it/s]
Simulating trajectory 0:  28%|██▊       | 139/500 [00:18<00:52,  6.93it/s]
Simulating trajectory 0:  28%|██▊       | 140/500 [00:19<00:51,  7.01it/s]
Simulating trajectory 0:  28%|██▊       | 141/500 [00:19<00:51,  7.03it/s]
Simulating trajectory 0:  28%|██▊       | 142/500 [00:19<00:50,  7.14it/s]
Simulating trajectory 0:  29%|██▊       | 143/500 [00:19<00:49,  7.23it/s]
Simulating trajectory 0:  29%|██▉       | 144/500 [00:19<00:49,  7.23it/s]
Simulating trajectory 0:  29%|██▉       | 145/500 [00:19<00:48,  7.27it/s]
Simulating trajectory 0:  29%|██▉       | 146/500 [00:19<00:49,  7.19it/s]
Simulating trajectory 0:  29%|██▉       | 147/500 [00:20<00:49,  7.11it/s]
Simulating trajectory 0:  30%|██▉       | 148/500 [00:20<00:50,  7.03it/s]
Simulating trajectory 0:  30%|██▉       | 149/500 [00:20<00:51,  6.84it/s]
Simulating trajectory 0:  30%|███       | 150/500 [00:20<00:51,  6.75it/s]
Simulating trajectory 0:  30%|███       | 151/500 [00:20<00:50,  6.88it/s]
Simulating trajectory 0:  30%|███       | 152/500 [00:20<00:50,  6.95it/s]
Simulating trajectory 0:  31%|███       | 153/500 [00:20<00:49,  7.03it/s]
Simulating trajectory 0:  31%|███       | 154/500 [00:21<00:48,  7.11it/s]
Simulating trajectory 0:  31%|███       | 155/500 [00:21<00:49,  7.03it/s]
Simulating trajectory 0:  31%|███       | 156/500 [00:21<00:49,  6.97it/s]
Simulating trajectory 0:  31%|███▏      | 157/500 [00:21<00:50,  6.85it/s]
Simulating trajectory 0:  32%|███▏      | 158/500 [00:21<00:50,  6.83it/s]
Simulating trajectory 0:  32%|███▏      | 159/500 [00:21<00:50,  6.79it/s]
Simulating trajectory 0:  32%|███▏      | 160/500 [00:21<00:50,  6.74it/s]
Simulating trajectory 0:  32%|███▏      | 161/500 [00:22<00:49,  6.84it/s]
Simulating trajectory 0:  32%|███▏      | 162/500 [00:22<00:49,  6.78it/s]
Simulating trajectory 0:  33%|███▎      | 163/500 [00:22<00:51,  6.55it/s]
Simulating trajectory 0:  33%|███▎      | 164/500 [00:22<00:51,  6.53it/s]
Simulating trajectory 0:  33%|███▎      | 165/500 [00:22<00:50,  6.65it/s]
Simulating trajectory 0:  33%|███▎      | 166/500 [00:22<00:49,  6.70it/s]
Simulating trajectory 0:  33%|███▎      | 167/500 [00:22<00:49,  6.78it/s]
Simulating trajectory 0:  34%|███▎      | 168/500 [00:23<00:48,  6.79it/s]
Simulating trajectory 0:  34%|███▍      | 169/500 [00:23<00:48,  6.85it/s]
Simulating trajectory 0:  34%|███▍      | 170/500 [00:23<00:47,  6.91it/s]
Simulating trajectory 0:  34%|███▍      | 171/500 [00:23<00:47,  6.88it/s]
Simulating trajectory 0:  34%|███▍      | 172/500 [00:23<00:47,  6.84it/s]
Simulating trajectory 0:  35%|███▍      | 173/500 [00:23<00:47,  6.90it/s]
Simulating trajectory 0:  35%|███▍      | 174/500 [00:23<00:47,  6.84it/s]
Simulating trajectory 0:  35%|███▌      | 175/500 [00:24<00:47,  6.80it/s]
Simulating trajectory 0:  35%|███▌      | 176/500 [00:24<00:47,  6.89it/s]
Simulating trajectory 0:  35%|███▌      | 177/500 [00:24<00:46,  6.91it/s]
Simulating trajectory 0:  36%|███▌      | 178/500 [00:24<00:46,  6.95it/s]
Simulating trajectory 0:  36%|███▌      | 179/500 [00:24<00:46,  6.94it/s]
Simulating trajectory 0:  36%|███▌      | 180/500 [00:24<00:46,  6.90it/s]
Simulating trajectory 0:  36%|███▌      | 181/500 [00:25<00:46,  6.90it/s]
Simulating trajectory 0:  36%|███▋      | 182/500 [00:25<00:45,  6.94it/s]
Simulating trajectory 0:  37%|███▋      | 183/500 [00:25<00:45,  6.91it/s]
Simulating trajectory 0:  37%|███▋      | 184/500 [00:25<00:45,  6.93it/s]
Simulating trajectory 0:  37%|███▋      | 185/500 [00:25<00:45,  6.96it/s]
Simulating trajectory 0:  37%|███▋      | 186/500 [00:25<00:45,  6.96it/s]
Simulating trajectory 0:  37%|███▋      | 187/500 [00:25<00:44,  6.96it/s]
Simulating trajectory 0:  38%|███▊      | 188/500 [00:26<00:44,  6.96it/s]
Simulating trajectory 0:  38%|███▊      | 189/500 [00:26<00:44,  6.96it/s]
Simulating trajectory 0:  38%|███▊      | 190/500 [00:26<00:44,  6.99it/s]
Simulating trajectory 0:  38%|███▊      | 191/500 [00:26<00:43,  7.03it/s]
Simulating trajectory 0:  38%|███▊      | 192/500 [00:26<00:43,  7.05it/s]
Simulating trajectory 0:  39%|███▊      | 193/500 [00:26<00:43,  7.05it/s]
Simulating trajectory 0:  39%|███▉      | 194/500 [00:26<00:43,  7.11it/s]
Simulating trajectory 0:  39%|███▉      | 195/500 [00:26<00:42,  7.12it/s]
Simulating trajectory 0:  39%|███▉      | 196/500 [00:27<00:42,  7.10it/s]
Simulating trajectory 0:  39%|███▉      | 197/500 [00:27<00:43,  7.01it/s]
Simulating trajectory 0:  40%|███▉      | 198/500 [00:27<00:43,  6.98it/s]
Simulating trajectory 0:  40%|███▉      | 199/500 [00:27<00:45,  6.63it/s]
Simulating trajectory 0:  40%|████      | 200/500 [00:27<00:45,  6.53it/s]
Simulating trajectory 0:  40%|████      | 201/500 [00:27<00:45,  6.56it/s]
Simulating trajectory 0:  40%|████      | 202/500 [00:28<00:45,  6.61it/s]
Simulating trajectory 0:  41%|████      | 203/500 [00:28<00:45,  6.59it/s]
Simulating trajectory 0:  41%|████      | 204/500 [00:28<00:45,  6.48it/s]
Simulating trajectory 0:  41%|████      | 205/500 [00:28<00:45,  6.55it/s]
Simulating trajectory 0:  41%|████      | 206/500 [00:28<00:45,  6.51it/s]
Simulating trajectory 0:  41%|████▏     | 207/500 [00:28<00:44,  6.55it/s]
Simulating trajectory 0:  42%|████▏     | 208/500 [00:28<00:43,  6.71it/s]
Simulating trajectory 0:  42%|████▏     | 209/500 [00:29<00:42,  6.83it/s]
Simulating trajectory 0:  42%|████▏     | 210/500 [00:29<00:41,  6.91it/s]
Simulating trajectory 0:  42%|████▏     | 211/500 [00:29<00:41,  6.96it/s]
Simulating trajectory 0:  42%|████▏     | 212/500 [00:29<00:41,  7.01it/s]
Simulating trajectory 0:  43%|████▎     | 213/500 [00:29<00:40,  7.09it/s]
Simulating trajectory 0:  43%|████▎     | 214/500 [00:29<00:40,  7.03it/s]
Simulating trajectory 0:  43%|████▎     | 215/500 [00:29<00:40,  7.01it/s]
Simulating trajectory 0:  43%|████▎     | 216/500 [00:30<00:40,  7.04it/s]
Simulating trajectory 0:  43%|████▎     | 217/500 [00:30<00:40,  6.99it/s]
Simulating trajectory 0:  44%|████▎     | 218/500 [00:30<00:40,  6.97it/s]
Simulating trajectory 0:  44%|████▍     | 219/500 [00:30<00:40,  7.02it/s]
Simulating trajectory 0:  44%|████▍     | 220/500 [00:30<00:39,  7.00it/s]
Simulating trajectory 0:  44%|████▍     | 221/500 [00:30<00:39,  7.05it/s]
Simulating trajectory 0:  44%|████▍     | 222/500 [00:30<00:39,  7.06it/s]
Simulating trajectory 0:  45%|████▍     | 223/500 [00:31<00:39,  7.07it/s]
Simulating trajectory 0:  45%|████▍     | 224/500 [00:31<00:38,  7.11it/s]
Simulating trajectory 0:  45%|████▌     | 225/500 [00:31<00:39,  7.02it/s]
Simulating trajectory 0:  45%|████▌     | 226/500 [00:31<00:39,  6.99it/s]
Simulating trajectory 0:  45%|████▌     | 227/500 [00:31<00:39,  6.99it/s]
Simulating trajectory 0:  46%|████▌     | 228/500 [00:31<00:38,  6.98it/s]
Simulating trajectory 0:  46%|████▌     | 229/500 [00:31<00:38,  6.99it/s]
Simulating trajectory 0:  46%|████▌     | 230/500 [00:32<00:38,  7.04it/s]
Simulating trajectory 0:  46%|████▌     | 231/500 [00:32<00:38,  7.05it/s]
Simulating trajectory 0:  46%|████▋     | 232/500 [00:32<00:38,  7.04it/s]
Simulating trajectory 0:  47%|████▋     | 233/500 [00:32<00:37,  7.07it/s]
Simulating trajectory 0:  47%|████▋     | 234/500 [00:32<00:38,  6.92it/s]
Simulating trajectory 0:  47%|████▋     | 235/500 [00:32<00:37,  7.00it/s]
Simulating trajectory 0:  47%|████▋     | 236/500 [00:32<00:37,  7.02it/s]
Simulating trajectory 0:  47%|████▋     | 237/500 [00:33<00:55,  4.77it/s]
Simulating trajectory 0:  48%|████▊     | 238/500 [00:33<00:49,  5.29it/s]
Simulating trajectory 0:  48%|████▊     | 239/500 [00:33<00:45,  5.72it/s]
Simulating trajectory 0:  48%|████▊     | 240/500 [00:33<00:42,  6.07it/s]
Simulating trajectory 0:  48%|████▊     | 241/500 [00:33<00:40,  6.36it/s]
Simulating trajectory 0:  48%|████▊     | 242/500 [00:34<00:39,  6.56it/s]
Simulating trajectory 0:  49%|████▊     | 243/500 [00:34<00:38,  6.60it/s]
Simulating trajectory 0:  49%|████▉     | 244/500 [00:34<00:38,  6.69it/s]
Simulating trajectory 0:  49%|████▉     | 245/500 [00:34<00:37,  6.74it/s]
Simulating trajectory 0:  49%|████▉     | 246/500 [00:34<00:37,  6.84it/s]
Simulating trajectory 0:  49%|████▉     | 247/500 [00:34<00:36,  6.94it/s]
Simulating trajectory 0:  50%|████▉     | 248/500 [00:34<00:36,  6.99it/s]
Simulating trajectory 0:  50%|████▉     | 249/500 [00:35<00:35,  7.02it/s]
Simulating trajectory 0:  50%|█████     | 250/500 [00:35<00:35,  7.08it/s]
Simulating trajectory 0:  50%|█████     | 251/500 [00:35<00:35,  7.11it/s]
Simulating trajectory 0:  50%|█████     | 252/500 [00:35<00:34,  7.14it/s]
Simulating trajectory 0:  51%|█████     | 253/500 [00:35<00:34,  7.13it/s]
Simulating trajectory 0:  51%|█████     | 254/500 [00:35<00:34,  7.11it/s]
Simulating trajectory 0:  51%|█████     | 255/500 [00:35<00:34,  7.14it/s]
Simulating trajectory 0:  51%|█████     | 256/500 [00:35<00:34,  7.14it/s]
Simulating trajectory 0:  51%|█████▏    | 257/500 [00:36<00:34,  7.13it/s]
Simulating trajectory 0:  52%|█████▏    | 258/500 [00:36<00:33,  7.15it/s]
Simulating trajectory 0:  52%|█████▏    | 259/500 [00:36<00:34,  7.07it/s]
Simulating trajectory 0:  52%|█████▏    | 260/500 [00:36<00:34,  7.05it/s]
Simulating trajectory 0:  52%|█████▏    | 261/500 [00:36<00:33,  7.06it/s]
Simulating trajectory 0:  52%|█████▏    | 262/500 [00:36<00:33,  7.05it/s]
Simulating trajectory 0:  53%|█████▎    | 263/500 [00:36<00:33,  7.06it/s]
Simulating trajectory 0:  53%|█████▎    | 264/500 [00:37<00:33,  7.04it/s]
Simulating trajectory 0:  53%|█████▎    | 265/500 [00:37<00:33,  7.01it/s]
Simulating trajectory 0:  53%|█████▎    | 266/500 [00:37<00:33,  7.00it/s]
Simulating trajectory 0:  53%|█████▎    | 267/500 [00:37<00:33,  7.03it/s]
Simulating trajectory 0:  54%|█████▎    | 268/500 [00:37<00:32,  7.05it/s]
Simulating trajectory 0:  54%|█████▍    | 269/500 [00:37<00:32,  7.03it/s]
Simulating trajectory 0:  54%|█████▍    | 270/500 [00:37<00:32,  6.97it/s]
Simulating trajectory 0:  54%|█████▍    | 271/500 [00:38<00:32,  7.01it/s]
Simulating trajectory 0:  54%|█████▍    | 272/500 [00:38<00:32,  7.01it/s]
Simulating trajectory 0:  55%|█████▍    | 273/500 [00:38<00:32,  6.96it/s]
Simulating trajectory 0:  55%|█████▍    | 274/500 [00:38<00:32,  6.99it/s]
Simulating trajectory 0:  55%|█████▌    | 275/500 [00:38<00:31,  7.04it/s]
Simulating trajectory 0:  55%|█████▌    | 276/500 [00:38<00:32,  6.89it/s]
Simulating trajectory 0:  55%|█████▌    | 277/500 [00:38<00:32,  6.88it/s]
Simulating trajectory 0:  56%|█████▌    | 278/500 [00:39<00:32,  6.91it/s]
Simulating trajectory 0:  56%|█████▌    | 279/500 [00:39<00:32,  6.89it/s]
Simulating trajectory 0:  56%|█████▌    | 280/500 [00:39<00:31,  6.90it/s]
Simulating trajectory 0:  56%|█████▌    | 281/500 [00:39<00:31,  6.91it/s]
Simulating trajectory 0:  56%|█████▋    | 282/500 [00:39<00:31,  6.87it/s]
Simulating trajectory 0:  57%|█████▋    | 283/500 [00:39<00:31,  6.89it/s]
Simulating trajectory 0:  57%|█████▋    | 284/500 [00:40<00:31,  6.91it/s]
Simulating trajectory 0:  57%|█████▋    | 285/500 [00:40<00:31,  6.89it/s]
Simulating trajectory 0:  57%|█████▋    | 286/500 [00:40<00:31,  6.89it/s]
Simulating trajectory 0:  57%|█████▋    | 287/500 [00:40<00:30,  6.89it/s]
Simulating trajectory 0:  58%|█████▊    | 288/500 [00:40<00:30,  6.87it/s]
Simulating trajectory 0:  58%|█████▊    | 289/500 [00:40<00:30,  6.87it/s]
Simulating trajectory 0:  58%|█████▊    | 290/500 [00:40<00:30,  6.88it/s]
Simulating trajectory 0:  58%|█████▊    | 291/500 [00:41<00:30,  6.87it/s]
Simulating trajectory 0:  58%|█████▊    | 292/500 [00:41<00:30,  6.88it/s]
Simulating trajectory 0:  59%|█████▊    | 293/500 [00:41<00:30,  6.80it/s]
Simulating trajectory 0:  59%|█████▉    | 294/500 [00:41<00:30,  6.81it/s]
Simulating trajectory 0:  59%|█████▉    | 295/500 [00:41<00:30,  6.79it/s]
Simulating trajectory 0:  59%|█████▉    | 296/500 [00:41<00:30,  6.78it/s]
Simulating trajectory 0:  59%|█████▉    | 297/500 [00:41<00:29,  6.82it/s]
Simulating trajectory 0:  60%|█████▉    | 298/500 [00:42<00:29,  6.83it/s]
Simulating trajectory 0:  60%|█████▉    | 299/500 [00:42<00:29,  6.86it/s]
Simulating trajectory 0:  60%|██████    | 300/500 [00:42<00:28,  6.90it/s]
Simulating trajectory 0:  60%|██████    | 301/500 [00:42<00:28,  6.90it/s]
Simulating trajectory 0:  60%|██████    | 302/500 [00:42<00:28,  6.93it/s]
Simulating trajectory 0:  61%|██████    | 303/500 [00:42<00:28,  6.97it/s]
Simulating trajectory 0:  61%|██████    | 304/500 [00:42<00:28,  6.94it/s]
Simulating trajectory 0:  61%|██████    | 305/500 [00:43<00:28,  6.96it/s]
Simulating trajectory 0:  61%|██████    | 306/500 [00:43<00:27,  6.94it/s]
Simulating trajectory 0:  61%|██████▏   | 307/500 [00:43<00:27,  6.96it/s]
Simulating trajectory 0:  62%|██████▏   | 308/500 [00:43<00:27,  6.92it/s]
Simulating trajectory 0:  62%|██████▏   | 309/500 [00:43<00:27,  6.86it/s]
Simulating trajectory 0:  62%|██████▏   | 310/500 [00:43<00:27,  6.92it/s]
Simulating trajectory 0:  62%|██████▏   | 311/500 [00:43<00:26,  7.02it/s]
Simulating trajectory 0:  62%|██████▏   | 312/500 [00:44<00:26,  7.02it/s]
Simulating trajectory 0:  63%|██████▎   | 313/500 [00:44<00:26,  7.04it/s]
Simulating trajectory 0:  63%|██████▎   | 314/500 [00:44<00:26,  7.04it/s]
Simulating trajectory 0:  63%|██████▎   | 315/500 [00:44<00:26,  7.00it/s]
Simulating trajectory 0:  63%|██████▎   | 316/500 [00:44<00:26,  6.97it/s]
Simulating trajectory 0:  63%|██████▎   | 317/500 [00:44<00:26,  6.96it/s]
Simulating trajectory 0:  63%|██████▎   | 317/500 [00:44<00:25,  7.06it/s]
