/disk1/zlab/maintenance_records/l2_h1_shadow_instrumentation_off_vs_on_equivalence_v1/checkout/ns_utils/nerfstudio_utils.py:117: SyntaxWarning: assertion is always true, perhaps remove parentheses?
  assert(self.pipeline.model, SplatfactoModel)

Simulating trajectory 0:   0%|          | 0/500 [00:00<?, ?it/s]
Simulating trajectory 0:   0%|          | 1/500 [00:00<01:10,  7.09it/s]
Simulating trajectory 0:   0%|          | 2/500 [00:00<01:07,  7.35it/s]
Simulating trajectory 0:   1%|          | 3/500 [00:00<01:06,  7.47it/s]
Simulating trajectory 0:   1%|          | 4/500 [00:00<01:05,  7.53it/s]
Simulating trajectory 0:   1%|          | 5/500 [00:00<01:05,  7.60it/s]
Simulating trajectory 0:   1%|          | 6/500 [00:00<01:04,  7.64it/s]
Simulating trajectory 0:   1%|▏         | 7/500 [00:00<01:04,  7.67it/s]
Simulating trajectory 0:   2%|▏         | 8/500 [00:01<01:03,  7.71it/s]
Simulating trajectory 0:   2%|▏         | 9/500 [00:01<01:03,  7.74it/s]
Simulating trajectory 0:   2%|▏         | 10/500 [00:01<01:03,  7.77it/s]
Simulating trajectory 0:   2%|▏         | 11/500 [00:01<01:02,  7.81it/s]
Simulating trajectory 0:   2%|▏         | 12/500 [00:01<01:02,  7.83it/s]
Simulating trajectory 0:   3%|▎         | 13/500 [00:01<01:02,  7.85it/s]
Simulating trajectory 0:   3%|▎         | 14/500 [00:01<01:01,  7.85it/s]
Simulating trajectory 0:   3%|▎         | 15/500 [00:01<01:01,  7.86it/s]
Simulating trajectory 0:   3%|▎         | 16/500 [00:02<01:01,  7.88it/s]
Simulating trajectory 0:   3%|▎         | 17/500 [00:02<01:01,  7.88it/s]
Simulating trajectory 0:   4%|▎         | 18/500 [00:02<01:01,  7.88it/s]
Simulating trajectory 0:   4%|▍         | 19/500 [00:02<01:01,  7.86it/s]
Simulating trajectory 0:   4%|▍         | 20/500 [00:02<01:01,  7.85it/s]
Simulating trajectory 0:   4%|▍         | 21/500 [00:02<01:01,  7.85it/s]
Simulating trajectory 0:   4%|▍         | 22/500 [00:02<01:02,  7.61it/s]
Simulating trajectory 0:   5%|▍         | 23/500 [00:02<01:04,  7.43it/s]
Simulating trajectory 0:   5%|▍         | 24/500 [00:03<01:05,  7.22it/s]
Simulating trajectory 0:   5%|▌         | 25/500 [00:03<01:05,  7.22it/s]
Simulating trajectory 0:   5%|▌         | 26/500 [00:03<01:05,  7.23it/s]
Simulating trajectory 0:   5%|▌         | 27/500 [00:03<01:04,  7.31it/s]
Simulating trajectory 0:   6%|▌         | 28/500 [00:03<01:04,  7.37it/s]
Simulating trajectory 0:   6%|▌         | 29/500 [00:03<01:03,  7.40it/s]
Simulating trajectory 0:   6%|▌         | 30/500 [00:03<01:04,  7.32it/s]
Simulating trajectory 0:   6%|▌         | 31/500 [00:04<01:04,  7.30it/s]
Simulating trajectory 0:   6%|▋         | 32/500 [00:04<01:03,  7.41it/s]
Simulating trajectory 0:   7%|▋         | 33/500 [00:04<01:03,  7.40it/s]
Simulating trajectory 0:   7%|▋         | 34/500 [00:04<01:03,  7.32it/s]
Simulating trajectory 0:   7%|▋         | 35/500 [00:04<01:03,  7.37it/s]
Simulating trajectory 0:   7%|▋         | 36/500 [00:04<01:03,  7.29it/s]
Simulating trajectory 0:   7%|▋         | 37/500 [00:04<01:03,  7.24it/s]
Simulating trajectory 0:   8%|▊         | 38/500 [00:05<01:03,  7.29it/s]
Simulating trajectory 0:   8%|▊         | 39/500 [00:05<01:02,  7.33it/s]
Simulating trajectory 0:   8%|▊         | 40/500 [00:05<01:03,  7.27it/s]
Simulating trajectory 0:   8%|▊         | 41/500 [00:05<01:03,  7.28it/s]
Simulating trajectory 0:   8%|▊         | 42/500 [00:05<01:03,  7.26it/s]
Simulating trajectory 0:   8%|▊         | 42/500 [00:05<01:02,  7.33it/s]
