/disk1/zlab/maintenance_records/l2_h1_shadow_instrumentation_off_vs_on_equivalence_v1/checkout/ns_utils/nerfstudio_utils.py:117: SyntaxWarning: assertion is always true, perhaps remove parentheses?
  assert(self.pipeline.model, SplatfactoModel)

Simulating trajectory 0:   0%|          | 0/500 [00:00<?, ?it/s]
Simulating trajectory 0:   0%|          | 1/500 [00:00<01:33,  5.32it/s]
Simulating trajectory 0:   0%|          | 2/500 [00:00<01:33,  5.33it/s]
Simulating trajectory 0:   1%|          | 3/500 [00:00<01:25,  5.81it/s]
Simulating trajectory 0:   1%|          | 4/500 [00:00<01:22,  6.00it/s]
Simulating trajectory 0:   1%|          | 5/500 [00:00<01:25,  5.77it/s]
Simulating trajectory 0:   1%|          | 6/500 [00:01<01:24,  5.83it/s]
Simulating trajectory 0:   1%|▏         | 7/500 [00:01<01:26,  5.67it/s]
Simulating trajectory 0:   2%|▏         | 8/500 [00:01<01:24,  5.80it/s]
Simulating trajectory 0:   2%|▏         | 9/500 [00:01<01:21,  6.01it/s]
Simulating trajectory 0:   2%|▏         | 10/500 [00:01<01:20,  6.09it/s]
Simulating trajectory 0:   2%|▏         | 11/500 [00:01<01:19,  6.14it/s]
Simulating trajectory 0:   2%|▏         | 12/500 [00:02<01:18,  6.21it/s]
Simulating trajectory 0:   3%|▎         | 13/500 [00:02<01:18,  6.24it/s]
Simulating trajectory 0:   3%|▎         | 14/500 [00:02<01:21,  5.97it/s]
Simulating trajectory 0:   3%|▎         | 15/500 [00:02<01:24,  5.75it/s]
Simulating trajectory 0:   3%|▎         | 16/500 [00:02<01:25,  5.65it/s]
Simulating trajectory 0:   3%|▎         | 17/500 [00:02<01:25,  5.66it/s]
Simulating trajectory 0:   4%|▎         | 18/500 [00:03<01:26,  5.60it/s]
Simulating trajectory 0:   4%|▍         | 19/500 [00:03<01:29,  5.40it/s]
Simulating trajectory 0:   4%|▍         | 20/500 [00:03<01:25,  5.59it/s]
Simulating trajectory 0:   4%|▍         | 21/500 [00:03<01:23,  5.77it/s]
Simulating trajectory 0:   4%|▍         | 22/500 [00:03<01:21,  5.87it/s]
Simulating trajectory 0:   5%|▍         | 23/500 [00:03<01:19,  5.97it/s]
Simulating trajectory 0:   5%|▍         | 24/500 [00:04<01:18,  6.09it/s]
Simulating trajectory 0:   5%|▌         | 25/500 [00:04<01:17,  6.13it/s]
Simulating trajectory 0:   5%|▌         | 26/500 [00:04<01:19,  5.97it/s]
Simulating trajectory 0:   5%|▌         | 27/500 [00:04<01:19,  5.98it/s]
Simulating trajectory 0:   6%|▌         | 28/500 [00:04<01:20,  5.84it/s]
Simulating trajectory 0:   6%|▌         | 29/500 [00:04<01:22,  5.73it/s]
Simulating trajectory 0:   6%|▌         | 30/500 [00:05<01:23,  5.65it/s]
Simulating trajectory 0:   6%|▌         | 31/500 [00:05<01:23,  5.61it/s]
Simulating trajectory 0:   6%|▋         | 32/500 [00:05<01:23,  5.62it/s]
Simulating trajectory 0:   7%|▋         | 33/500 [00:05<01:23,  5.58it/s]
Simulating trajectory 0:   7%|▋         | 34/500 [00:05<01:24,  5.51it/s]
Simulating trajectory 0:   7%|▋         | 35/500 [00:06<01:24,  5.52it/s]
Simulating trajectory 0:   7%|▋         | 36/500 [00:06<01:21,  5.68it/s]
Simulating trajectory 0:   7%|▋         | 37/500 [00:06<01:22,  5.63it/s]
Simulating trajectory 0:   8%|▊         | 38/500 [00:06<01:22,  5.62it/s]
Simulating trajectory 0:   8%|▊         | 39/500 [00:06<01:19,  5.78it/s]
Simulating trajectory 0:   8%|▊         | 40/500 [00:06<01:18,  5.90it/s]
Simulating trajectory 0:   8%|▊         | 41/500 [00:07<01:17,  5.93it/s]
Simulating trajectory 0:   8%|▊         | 42/500 [00:07<01:22,  5.57it/s]
Simulating trajectory 0:   9%|▊         | 43/500 [00:07<01:22,  5.55it/s]
Simulating trajectory 0:   9%|▉         | 44/500 [00:07<01:20,  5.68it/s]
Simulating trajectory 0:   9%|▉         | 45/500 [00:07<01:21,  5.58it/s]
Simulating trajectory 0:   9%|▉         | 46/500 [00:07<01:21,  5.54it/s]
Simulating trajectory 0:   9%|▉         | 47/500 [00:08<01:20,  5.60it/s]
Simulating trajectory 0:  10%|▉         | 48/500 [00:08<01:18,  5.78it/s]
Simulating trajectory 0:  10%|▉         | 49/500 [00:08<01:16,  5.89it/s]
Simulating trajectory 0:  10%|█         | 50/500 [00:08<01:14,  6.03it/s]
Simulating trajectory 0:  10%|█         | 51/500 [00:08<01:13,  6.10it/s]
Simulating trajectory 0:  10%|█         | 52/500 [00:08<01:12,  6.14it/s]
Simulating trajectory 0:  11%|█         | 53/500 [00:09<01:11,  6.22it/s]
Simulating trajectory 0:  11%|█         | 54/500 [00:09<01:11,  6.25it/s]
Simulating trajectory 0:  11%|█         | 55/500 [00:09<01:12,  6.15it/s]
Simulating trajectory 0:  11%|█         | 56/500 [00:09<01:15,  5.84it/s]
Simulating trajectory 0:  11%|█▏        | 57/500 [00:09<01:17,  5.74it/s]
Simulating trajectory 0:  12%|█▏        | 58/500 [00:09<01:17,  5.73it/s]
Simulating trajectory 0:  12%|█▏        | 59/500 [00:10<01:16,  5.77it/s]
Simulating trajectory 0:  12%|█▏        | 60/500 [00:10<01:16,  5.77it/s]
Simulating trajectory 0:  12%|█▏        | 61/500 [00:10<01:16,  5.74it/s]
Simulating trajectory 0:  12%|█▏        | 62/500 [00:10<01:15,  5.79it/s]
Simulating trajectory 0:  13%|█▎        | 63/500 [00:10<01:16,  5.71it/s]
Simulating trajectory 0:  13%|█▎        | 64/500 [00:11<01:24,  5.13it/s]
Simulating trajectory 0:  13%|█▎        | 65/500 [00:11<01:26,  5.00it/s]
Simulating trajectory 0:  13%|█▎        | 66/500 [00:11<01:21,  5.30it/s]
Simulating trajectory 0:  13%|█▎        | 67/500 [00:11<01:17,  5.60it/s]
Simulating trajectory 0:  14%|█▎        | 68/500 [00:11<01:14,  5.83it/s]
Simulating trajectory 0:  14%|█▍        | 69/500 [00:11<01:12,  5.95it/s]
Simulating trajectory 0:  14%|█▍        | 70/500 [00:12<01:11,  6.05it/s]
Simulating trajectory 0:  14%|█▍        | 71/500 [00:12<01:09,  6.17it/s]
Simulating trajectory 0:  14%|█▍        | 72/500 [00:12<01:09,  6.19it/s]
Simulating trajectory 0:  15%|█▍        | 73/500 [00:12<01:08,  6.25it/s]
Simulating trajectory 0:  15%|█▍        | 74/500 [00:12<01:08,  6.23it/s]
Simulating trajectory 0:  15%|█▌        | 75/500 [00:12<01:08,  6.19it/s]
Simulating trajectory 0:  15%|█▌        | 76/500 [00:13<01:10,  5.98it/s]
Simulating trajectory 0:  15%|█▌        | 77/500 [00:13<01:17,  5.44it/s]
Simulating trajectory 0:  16%|█▌        | 78/500 [00:13<01:15,  5.58it/s]
Simulating trajectory 0:  16%|█▌        | 79/500 [00:13<01:16,  5.48it/s]
Simulating trajectory 0:  16%|█▌        | 80/500 [00:13<01:16,  5.51it/s]
Simulating trajectory 0:  16%|█▌        | 81/500 [00:14<01:14,  5.66it/s]
Simulating trajectory 0:  16%|█▋        | 82/500 [00:14<01:12,  5.79it/s]
Simulating trajectory 0:  17%|█▋        | 83/500 [00:14<01:11,  5.87it/s]
Simulating trajectory 0:  17%|█▋        | 84/500 [00:14<01:09,  5.99it/s]
Simulating trajectory 0:  17%|█▋        | 85/500 [00:14<01:08,  6.09it/s]
Simulating trajectory 0:  17%|█▋        | 86/500 [00:14<01:07,  6.12it/s]
Simulating trajectory 0:  17%|█▋        | 87/500 [00:14<01:06,  6.18it/s]
Simulating trajectory 0:  18%|█▊        | 88/500 [00:15<01:06,  6.22it/s]
Simulating trajectory 0:  18%|█▊        | 89/500 [00:15<01:05,  6.26it/s]
Simulating trajectory 0:  18%|█▊        | 90/500 [00:15<01:04,  6.31it/s]
Simulating trajectory 0:  18%|█▊        | 91/500 [00:15<01:05,  6.25it/s]
Simulating trajectory 0:  18%|█▊        | 92/500 [00:15<01:08,  6.00it/s]
Simulating trajectory 0:  19%|█▊        | 93/500 [00:15<01:06,  6.09it/s]
Simulating trajectory 0:  19%|█▉        | 94/500 [00:16<01:05,  6.19it/s]
Simulating trajectory 0:  19%|█▉        | 95/500 [00:16<01:04,  6.26it/s]
Simulating trajectory 0:  19%|█▉        | 96/500 [00:16<01:04,  6.30it/s]
Simulating trajectory 0:  19%|█▉        | 97/500 [00:16<01:03,  6.30it/s]
Simulating trajectory 0:  20%|█▉        | 98/500 [00:16<01:04,  6.27it/s]
Simulating trajectory 0:  20%|█▉        | 99/500 [00:16<01:06,  6.07it/s]
Simulating trajectory 0:  20%|██        | 100/500 [00:17<01:05,  6.13it/s]
Simulating trajectory 0:  20%|██        | 101/500 [00:17<01:04,  6.19it/s]
Simulating trajectory 0:  20%|██        | 102/500 [00:17<01:03,  6.28it/s]
Simulating trajectory 0:  21%|██        | 103/500 [00:17<01:02,  6.39it/s]
Simulating trajectory 0:  21%|██        | 104/500 [00:17<01:01,  6.46it/s]
Simulating trajectory 0:  21%|██        | 105/500 [00:17<01:03,  6.20it/s]
Simulating trajectory 0:  21%|██        | 106/500 [00:18<01:06,  5.89it/s]
Simulating trajectory 0:  21%|██▏       | 107/500 [00:18<01:05,  6.01it/s]
Simulating trajectory 0:  22%|██▏       | 108/500 [00:18<01:03,  6.15it/s]
Simulating trajectory 0:  22%|██▏       | 109/500 [00:18<01:03,  6.19it/s]
Simulating trajectory 0:  22%|██▏       | 110/500 [00:18<01:01,  6.31it/s]
Simulating trajectory 0:  22%|██▏       | 111/500 [00:18<01:00,  6.38it/s]
Simulating trajectory 0:  22%|██▏       | 112/500 [00:19<01:02,  6.23it/s]
Simulating trajectory 0:  23%|██▎       | 113/500 [00:19<01:03,  6.07it/s]
Simulating trajectory 0:  23%|██▎       | 114/500 [00:19<01:04,  5.98it/s]
Simulating trajectory 0:  23%|██▎       | 115/500 [00:19<01:02,  6.14it/s]
Simulating trajectory 0:  23%|██▎       | 116/500 [00:19<01:03,  6.01it/s]
Simulating trajectory 0:  23%|██▎       | 117/500 [00:19<01:04,  5.95it/s]
Simulating trajectory 0:  24%|██▎       | 118/500 [00:20<01:02,  6.11it/s]
Simulating trajectory 0:  24%|██▍       | 119/500 [00:20<01:01,  6.19it/s]
Simulating trajectory 0:  24%|██▍       | 120/500 [00:20<01:00,  6.30it/s]
Simulating trajectory 0:  24%|██▍       | 121/500 [00:20<01:00,  6.31it/s]
Simulating trajectory 0:  24%|██▍       | 122/500 [00:20<01:02,  6.09it/s]
Simulating trajectory 0:  25%|██▍       | 123/500 [00:20<01:00,  6.23it/s]
Simulating trajectory 0:  25%|██▍       | 124/500 [00:20<00:59,  6.28it/s]
Simulating trajectory 0:  25%|██▌       | 125/500 [00:21<01:01,  6.07it/s]
Simulating trajectory 0:  25%|██▌       | 126/500 [00:21<01:00,  6.16it/s]
Simulating trajectory 0:  25%|██▌       | 127/500 [00:21<00:59,  6.23it/s]
Simulating trajectory 0:  26%|██▌       | 128/500 [00:21<00:57,  6.49it/s]
Simulating trajectory 0:  26%|██▌       | 129/500 [00:21<00:55,  6.64it/s]
Simulating trajectory 0:  26%|██▌       | 130/500 [00:21<00:58,  6.32it/s]
Simulating trajectory 0:  26%|██▌       | 131/500 [00:22<01:01,  6.00it/s]
Simulating trajectory 0:  26%|██▋       | 132/500 [00:22<01:00,  6.07it/s]
Simulating trajectory 0:  27%|██▋       | 133/500 [00:22<00:59,  6.14it/s]
Simulating trajectory 0:  27%|██▋       | 134/500 [00:22<00:59,  6.10it/s]
Simulating trajectory 0:  27%|██▋       | 135/500 [00:22<00:59,  6.15it/s]
Simulating trajectory 0:  27%|██▋       | 136/500 [00:22<00:59,  6.17it/s]
Simulating trajectory 0:  27%|██▋       | 137/500 [00:23<00:59,  6.11it/s]
Simulating trajectory 0:  28%|██▊       | 138/500 [00:23<00:59,  6.09it/s]
Simulating trajectory 0:  28%|██▊       | 139/500 [00:23<00:59,  6.08it/s]
Simulating trajectory 0:  28%|██▊       | 140/500 [00:23<00:58,  6.14it/s]
Simulating trajectory 0:  28%|██▊       | 141/500 [00:23<00:58,  6.15it/s]
Simulating trajectory 0:  28%|██▊       | 142/500 [00:23<00:57,  6.19it/s]
Simulating trajectory 0:  29%|██▊       | 143/500 [00:24<01:00,  5.87it/s]
Simulating trajectory 0:  29%|██▉       | 144/500 [00:24<01:00,  5.87it/s]
Simulating trajectory 0:  29%|██▉       | 145/500 [00:24<01:01,  5.80it/s]
Simulating trajectory 0:  29%|██▉       | 146/500 [00:24<01:01,  5.74it/s]
Simulating trajectory 0:  29%|██▉       | 147/500 [00:24<01:01,  5.73it/s]
Simulating trajectory 0:  30%|██▉       | 148/500 [00:24<01:01,  5.75it/s]
Simulating trajectory 0:  30%|██▉       | 149/500 [00:25<01:02,  5.63it/s]
Simulating trajectory 0:  30%|███       | 150/500 [00:25<01:05,  5.38it/s]
Simulating trajectory 0:  30%|███       | 151/500 [00:25<01:04,  5.44it/s]
Simulating trajectory 0:  30%|███       | 152/500 [00:25<01:04,  5.37it/s]
Simulating trajectory 0:  31%|███       | 153/500 [00:25<01:02,  5.55it/s]
Simulating trajectory 0:  31%|███       | 154/500 [00:26<01:00,  5.69it/s]
Simulating trajectory 0:  31%|███       | 155/500 [00:26<01:00,  5.74it/s]
Simulating trajectory 0:  31%|███       | 156/500 [00:26<00:59,  5.78it/s]
Simulating trajectory 0:  31%|███▏      | 157/500 [00:26<00:59,  5.77it/s]
Simulating trajectory 0:  32%|███▏      | 158/500 [00:26<00:59,  5.78it/s]
Simulating trajectory 0:  32%|███▏      | 159/500 [00:26<00:58,  5.79it/s]
Simulating trajectory 0:  32%|███▏      | 160/500 [00:27<01:01,  5.50it/s]
Simulating trajectory 0:  32%|███▏      | 161/500 [00:27<00:59,  5.65it/s]
Simulating trajectory 0:  32%|███▏      | 162/500 [00:27<01:00,  5.62it/s]
Simulating trajectory 0:  33%|███▎      | 163/500 [00:27<01:00,  5.53it/s]
Simulating trajectory 0:  33%|███▎      | 164/500 [00:27<01:00,  5.54it/s]
Simulating trajectory 0:  33%|███▎      | 165/500 [00:27<00:59,  5.67it/s]
Simulating trajectory 0:  33%|███▎      | 166/500 [00:28<00:58,  5.70it/s]
Simulating trajectory 0:  33%|███▎      | 167/500 [00:28<01:00,  5.50it/s]
Simulating trajectory 0:  34%|███▎      | 168/500 [00:28<00:58,  5.63it/s]
Simulating trajectory 0:  34%|███▍      | 169/500 [00:28<00:58,  5.66it/s]
Simulating trajectory 0:  34%|███▍      | 170/500 [00:28<01:01,  5.40it/s]
Simulating trajectory 0:  34%|███▍      | 171/500 [00:29<01:02,  5.24it/s]
Simulating trajectory 0:  34%|███▍      | 172/500 [00:29<01:01,  5.31it/s]
Simulating trajectory 0:  35%|███▍      | 173/500 [00:29<00:59,  5.47it/s]
Simulating trajectory 0:  35%|███▍      | 174/500 [00:29<00:59,  5.50it/s]
Simulating trajectory 0:  35%|███▌      | 175/500 [00:29<01:00,  5.34it/s]
Simulating trajectory 0:  35%|███▌      | 176/500 [00:30<00:59,  5.46it/s]
Simulating trajectory 0:  35%|███▌      | 177/500 [00:30<00:57,  5.60it/s]
Simulating trajectory 0:  36%|███▌      | 178/500 [00:30<00:56,  5.67it/s]
Simulating trajectory 0:  36%|███▌      | 179/500 [00:30<00:56,  5.70it/s]
Simulating trajectory 0:  36%|███▌      | 180/500 [00:30<00:55,  5.74it/s]
Simulating trajectory 0:  36%|███▌      | 181/500 [00:30<00:55,  5.79it/s]
Simulating trajectory 0:  36%|███▋      | 182/500 [00:31<00:56,  5.61it/s]
Simulating trajectory 0:  37%|███▋      | 183/500 [00:31<00:56,  5.65it/s]
Simulating trajectory 0:  37%|███▋      | 184/500 [00:31<00:55,  5.74it/s]
Simulating trajectory 0:  37%|███▋      | 185/500 [00:31<00:54,  5.76it/s]
Simulating trajectory 0:  37%|███▋      | 186/500 [00:31<00:53,  5.86it/s]
Simulating trajectory 0:  37%|███▋      | 187/500 [00:31<00:52,  5.91it/s]
Simulating trajectory 0:  38%|███▊      | 188/500 [00:32<00:53,  5.88it/s]
Simulating trajectory 0:  38%|███▊      | 189/500 [00:32<00:52,  5.92it/s]
Simulating trajectory 0:  38%|███▊      | 190/500 [00:32<00:52,  5.94it/s]
Simulating trajectory 0:  38%|███▊      | 191/500 [00:32<01:14,  4.13it/s]
Simulating trajectory 0:  38%|███▊      | 192/500 [00:32<01:07,  4.55it/s]
Simulating trajectory 0:  39%|███▊      | 193/500 [00:33<01:02,  4.91it/s]
Simulating trajectory 0:  39%|███▉      | 194/500 [00:33<00:59,  5.17it/s]
Simulating trajectory 0:  39%|███▉      | 195/500 [00:33<00:58,  5.21it/s]
Simulating trajectory 0:  39%|███▉      | 196/500 [00:33<00:55,  5.48it/s]
Simulating trajectory 0:  39%|███▉      | 197/500 [00:33<00:54,  5.59it/s]
Simulating trajectory 0:  40%|███▉      | 198/500 [00:34<00:55,  5.46it/s]
Simulating trajectory 0:  40%|███▉      | 199/500 [00:34<00:54,  5.49it/s]
Simulating trajectory 0:  40%|████      | 200/500 [00:34<00:55,  5.44it/s]
Simulating trajectory 0:  40%|████      | 201/500 [00:34<00:53,  5.55it/s]
Simulating trajectory 0:  40%|████      | 202/500 [00:34<00:52,  5.70it/s]
Simulating trajectory 0:  41%|████      | 203/500 [00:34<00:51,  5.74it/s]
Simulating trajectory 0:  41%|████      | 204/500 [00:35<00:51,  5.77it/s]
Simulating trajectory 0:  41%|████      | 205/500 [00:35<00:51,  5.75it/s]
Simulating trajectory 0:  41%|████      | 206/500 [00:35<00:50,  5.78it/s]
Simulating trajectory 0:  41%|████▏     | 207/500 [00:35<00:53,  5.45it/s]
Simulating trajectory 0:  42%|████▏     | 208/500 [00:35<00:52,  5.56it/s]
Simulating trajectory 0:  42%|████▏     | 209/500 [00:35<00:50,  5.75it/s]
Simulating trajectory 0:  42%|████▏     | 210/500 [00:36<00:49,  5.90it/s]
Simulating trajectory 0:  42%|████▏     | 211/500 [00:36<00:48,  5.99it/s]
Simulating trajectory 0:  42%|████▏     | 212/500 [00:36<00:47,  6.11it/s]
Simulating trajectory 0:  43%|████▎     | 213/500 [00:36<00:46,  6.12it/s]
Simulating trajectory 0:  43%|████▎     | 214/500 [00:36<00:46,  6.17it/s]
Simulating trajectory 0:  43%|████▎     | 215/500 [00:36<00:46,  6.15it/s]
Simulating trajectory 0:  43%|████▎     | 216/500 [00:37<00:46,  6.16it/s]
Simulating trajectory 0:  43%|████▎     | 217/500 [00:37<00:46,  6.15it/s]
Simulating trajectory 0:  44%|████▎     | 218/500 [00:37<00:45,  6.17it/s]
Simulating trajectory 0:  44%|████▍     | 219/500 [00:37<00:45,  6.20it/s]
Simulating trajectory 0:  44%|████▍     | 220/500 [00:37<00:44,  6.25it/s]
Simulating trajectory 0:  44%|████▍     | 221/500 [00:37<00:45,  6.18it/s]
Simulating trajectory 0:  44%|████▍     | 222/500 [00:38<00:47,  5.83it/s]
Simulating trajectory 0:  45%|████▍     | 223/500 [00:38<00:46,  5.91it/s]
Simulating trajectory 0:  45%|████▍     | 224/500 [00:38<00:46,  5.98it/s]
Simulating trajectory 0:  45%|████▌     | 225/500 [00:38<00:45,  6.08it/s]
Simulating trajectory 0:  45%|████▌     | 226/500 [00:38<00:45,  6.06it/s]
Simulating trajectory 0:  45%|████▌     | 227/500 [00:38<00:46,  5.83it/s]
Simulating trajectory 0:  46%|████▌     | 228/500 [00:39<00:45,  5.92it/s]
Simulating trajectory 0:  46%|████▌     | 229/500 [00:39<00:45,  6.00it/s]
Simulating trajectory 0:  46%|████▌     | 230/500 [00:39<00:44,  6.08it/s]
Simulating trajectory 0:  46%|████▌     | 231/500 [00:39<00:43,  6.13it/s]
Simulating trajectory 0:  46%|████▋     | 232/500 [00:39<00:43,  6.16it/s]
Simulating trajectory 0:  47%|████▋     | 233/500 [00:39<00:42,  6.22it/s]
Simulating trajectory 0:  47%|████▋     | 234/500 [00:40<00:43,  6.13it/s]
Simulating trajectory 0:  47%|████▋     | 235/500 [00:40<00:43,  6.12it/s]
Simulating trajectory 0:  47%|████▋     | 236/500 [00:40<00:42,  6.18it/s]
Simulating trajectory 0:  47%|████▋     | 237/500 [00:40<00:42,  6.15it/s]
Simulating trajectory 0:  48%|████▊     | 238/500 [00:40<00:42,  6.19it/s]
Simulating trajectory 0:  48%|████▊     | 239/500 [00:40<00:41,  6.23it/s]
Simulating trajectory 0:  48%|████▊     | 240/500 [00:41<00:41,  6.24it/s]
Simulating trajectory 0:  48%|████▊     | 241/500 [00:41<00:41,  6.23it/s]
Simulating trajectory 0:  48%|████▊     | 242/500 [00:41<00:41,  6.23it/s]
Simulating trajectory 0:  49%|████▊     | 243/500 [00:41<00:44,  5.76it/s]
Simulating trajectory 0:  49%|████▉     | 244/500 [00:41<00:45,  5.58it/s]
Simulating trajectory 0:  49%|████▉     | 245/500 [00:41<00:44,  5.77it/s]
Simulating trajectory 0:  49%|████▉     | 246/500 [00:42<00:42,  5.92it/s]
Simulating trajectory 0:  49%|████▉     | 247/500 [00:42<00:42,  6.02it/s]
Simulating trajectory 0:  50%|████▉     | 248/500 [00:42<00:42,  5.99it/s]
Simulating trajectory 0:  50%|████▉     | 249/500 [00:42<00:41,  6.11it/s]
Simulating trajectory 0:  50%|█████     | 250/500 [00:42<00:40,  6.21it/s]
Simulating trajectory 0:  50%|█████     | 251/500 [00:42<00:39,  6.25it/s]
Simulating trajectory 0:  50%|█████     | 252/500 [00:43<00:39,  6.30it/s]
Simulating trajectory 0:  51%|█████     | 253/500 [00:43<00:39,  6.30it/s]
Simulating trajectory 0:  51%|█████     | 254/500 [00:43<00:38,  6.33it/s]
Simulating trajectory 0:  51%|█████     | 255/500 [00:43<00:38,  6.38it/s]
Simulating trajectory 0:  51%|█████     | 256/500 [00:43<00:37,  6.42it/s]
Simulating trajectory 0:  51%|█████▏    | 257/500 [00:43<00:38,  6.38it/s]
Simulating trajectory 0:  52%|█████▏    | 258/500 [00:43<00:38,  6.35it/s]
Simulating trajectory 0:  52%|█████▏    | 259/500 [00:44<00:38,  6.34it/s]
Simulating trajectory 0:  52%|█████▏    | 260/500 [00:44<00:37,  6.33it/s]
Simulating trajectory 0:  52%|█████▏    | 261/500 [00:44<00:38,  6.25it/s]
Simulating trajectory 0:  52%|█████▏    | 262/500 [00:44<00:38,  6.23it/s]
Simulating trajectory 0:  53%|█████▎    | 263/500 [00:44<00:37,  6.25it/s]
Simulating trajectory 0:  53%|█████▎    | 264/500 [00:44<00:37,  6.24it/s]
Simulating trajectory 0:  53%|█████▎    | 265/500 [00:45<00:40,  5.84it/s]
Simulating trajectory 0:  53%|█████▎    | 266/500 [00:45<00:39,  5.95it/s]
Simulating trajectory 0:  53%|█████▎    | 267/500 [00:45<00:41,  5.66it/s]
Simulating trajectory 0:  54%|█████▎    | 268/500 [00:45<00:40,  5.75it/s]
Simulating trajectory 0:  54%|█████▍    | 269/500 [00:45<00:39,  5.89it/s]
Simulating trajectory 0:  54%|█████▍    | 270/500 [00:45<00:41,  5.60it/s]
Simulating trajectory 0:  54%|█████▍    | 271/500 [00:46<00:42,  5.39it/s]
Simulating trajectory 0:  54%|█████▍    | 272/500 [00:46<00:42,  5.33it/s]
Simulating trajectory 0:  55%|█████▍    | 273/500 [00:46<00:42,  5.39it/s]
Simulating trajectory 0:  55%|█████▍    | 274/500 [00:46<00:43,  5.22it/s]
Simulating trajectory 0:  55%|█████▌    | 275/500 [00:46<00:41,  5.42it/s]
Simulating trajectory 0:  55%|█████▌    | 276/500 [00:47<00:42,  5.28it/s]
Simulating trajectory 0:  55%|█████▌    | 277/500 [00:47<00:42,  5.25it/s]
Simulating trajectory 0:  56%|█████▌    | 278/500 [00:47<00:41,  5.35it/s]
Simulating trajectory 0:  56%|█████▌    | 279/500 [00:47<00:41,  5.35it/s]
Simulating trajectory 0:  56%|█████▌    | 280/500 [00:47<00:41,  5.33it/s]
Simulating trajectory 0:  56%|█████▌    | 281/500 [00:48<00:41,  5.30it/s]
Simulating trajectory 0:  56%|█████▋    | 282/500 [00:48<00:39,  5.51it/s]
Simulating trajectory 0:  57%|█████▋    | 283/500 [00:48<00:38,  5.66it/s]
Simulating trajectory 0:  57%|█████▋    | 284/500 [00:48<00:37,  5.73it/s]
Simulating trajectory 0:  57%|█████▋    | 285/500 [00:48<00:37,  5.77it/s]
Simulating trajectory 0:  57%|█████▋    | 286/500 [00:48<00:38,  5.60it/s]
Simulating trajectory 0:  57%|█████▋    | 287/500 [00:49<00:37,  5.72it/s]
Simulating trajectory 0:  58%|█████▊    | 288/500 [00:49<00:37,  5.70it/s]
Simulating trajectory 0:  58%|█████▊    | 289/500 [00:49<00:36,  5.73it/s]
Simulating trajectory 0:  58%|█████▊    | 290/500 [00:49<00:36,  5.80it/s]
Simulating trajectory 0:  58%|█████▊    | 291/500 [00:49<00:35,  5.84it/s]
Simulating trajectory 0:  58%|█████▊    | 292/500 [00:49<00:36,  5.74it/s]
Simulating trajectory 0:  59%|█████▊    | 293/500 [00:50<00:35,  5.81it/s]
Simulating trajectory 0:  59%|█████▉    | 294/500 [00:50<00:35,  5.83it/s]
Simulating trajectory 0:  59%|█████▉    | 295/500 [00:50<00:35,  5.84it/s]
Simulating trajectory 0:  59%|█████▉    | 296/500 [00:50<00:34,  5.86it/s]
Simulating trajectory 0:  59%|█████▉    | 297/500 [00:50<00:34,  5.86it/s]
Simulating trajectory 0:  60%|█████▉    | 298/500 [00:51<00:35,  5.67it/s]
Simulating trajectory 0:  60%|█████▉    | 299/500 [00:51<00:35,  5.71it/s]
Simulating trajectory 0:  60%|██████    | 300/500 [00:51<00:36,  5.51it/s]
Simulating trajectory 0:  60%|██████    | 301/500 [00:51<00:36,  5.43it/s]
Simulating trajectory 0:  60%|██████    | 302/500 [00:51<00:37,  5.30it/s]
Simulating trajectory 0:  61%|██████    | 303/500 [00:51<00:37,  5.30it/s]
Simulating trajectory 0:  61%|██████    | 304/500 [00:52<00:37,  5.27it/s]
Simulating trajectory 0:  61%|██████    | 305/500 [00:52<00:37,  5.25it/s]
Simulating trajectory 0:  61%|██████    | 306/500 [00:52<00:36,  5.33it/s]
Simulating trajectory 0:  61%|██████▏   | 307/500 [00:52<00:35,  5.49it/s]
Simulating trajectory 0:  62%|██████▏   | 308/500 [00:52<00:35,  5.36it/s]
Simulating trajectory 0:  62%|██████▏   | 309/500 [00:53<00:36,  5.29it/s]
Simulating trajectory 0:  62%|██████▏   | 310/500 [00:53<00:34,  5.47it/s]
Simulating trajectory 0:  62%|██████▏   | 311/500 [00:53<00:34,  5.51it/s]
Simulating trajectory 0:  62%|██████▏   | 312/500 [00:53<00:33,  5.63it/s]
Simulating trajectory 0:  63%|██████▎   | 313/500 [00:53<00:33,  5.50it/s]
Simulating trajectory 0:  63%|██████▎   | 314/500 [00:54<00:36,  5.10it/s]
Simulating trajectory 0:  63%|██████▎   | 315/500 [00:54<00:35,  5.17it/s]
Simulating trajectory 0:  63%|██████▎   | 316/500 [00:54<00:37,  4.89it/s]
Simulating trajectory 0:  63%|██████▎   | 317/500 [00:54<00:36,  5.04it/s]
Simulating trajectory 0:  63%|██████▎   | 317/500 [00:54<00:31,  5.78it/s]
